

--- 2025-11-27T09:30:21.439Z ---
Prompt:
MARKET SNAPSHOT:
{"timestamp":1764235812,"account":{"equity_usd":10000,"daily_realized_pnl":0,"max_daily_loss":500,"current_positions":[],"derived_portfolio":{"total_exposure_fraction":0,"remaining_capacity":1,"position_slots_used":0,"slots_remaining":5}},"markets":{"ETH-PERP":{"price":3030.6,"spread_bps":1.3192612137191166,"orderbook":{"book_pressure":0.13,"bid_liquidity_usd":92810.60098,"ask_liquidity_usd":71823.00303},"returns":{"m5":-0.001153554596091098,"m15":0.0011892963330029432,"h1":0.0032109636201131508},"vol_zscores":{"vol_5m_vs_1h":0.7181299762449888,"ret_5m_vs_1h":-2.7874031633026526},"funding":{"current_8h":0.0000125},"open_interest":{"current":1056181.07136},"sentiment":{"score":-0.02727272727272727,"tags":["regulation","listing","dump","outage","hack"],"source_mix":{"cn_news":1}},"regime_tags":["fast_move_down"],"derived":{"costs":{"fees_bps":3.5,"slippage_bps_est":1,"cost_bps":5.8,"cost_ok":true},"edge":{"expected_move_bps":32.1,"edge_bps":26.3,"edge_ok":true},"triggers":{"direction_m15":1,"direction_h1":1,"trend_aligned":true,"momentum_ok_long":false,"momentum_ok_short":false,"mr_ok_long":false,"mr_ok_short":false,"breakout_ok":false},"liquidity":{"min_depth_usd":71823.00303,"depth_ok":true,"tradeable":true},"normalized":{"ret_sigma_5m_vs_1h":-2.7874031633026526,"vol_ratio_5m_vs_1h":0.7181299762449888}}}},"constraints":{"max_position_pct_equity_per_symbol":0.2,"max_total_exposure_pct_equity":1,"min_trade_notional_usd":10,"kill_switch":false},"allowed_actions":["OPEN_POSITION","INCREASE_POSITION","REDUCE_POSITION","CLOSE_POSITION","HOLD_POSITION"],"meta":{"note":"Generated by SnapshotBuilder with Screener","fallback_markets":[],"missing_markets":[],"duplicate_markets":[]},"global_regime":{"current":"CHOP","score":0,"reason":"Mixed signals or low volatility"}}

CURRENT POSITIONS (JSON):
[]

Response:
```json
{
  "decisions": []
}
```
-----------------------------------


--- 2025-11-27T10:24:24.898Z ---
Prompt:
MARKET SNAPSHOT:
{"timestamp":1764239057,"account":{"equity_usd":908.692786,"daily_realized_pnl":0,"max_daily_loss":500,"current_positions":[],"derived_portfolio":{"total_exposure_fraction":0,"remaining_capacity":0.35,"position_slots_used":0,"slots_remaining":5}},"markets":{"PUMP-PERP":{"price":0.002935,"spread_bps":6.823609689526665,"orderbook":{"book_pressure":0.15,"bid_liquidity_usd":40464.052307,"ask_liquidity_usd":30181.446610000003},"returns":{"m5":0.0010231923601636986,"m15":-0.003733876442633987,"h1":-0.007104194857916019},"vol_zscores":{"vol_5m_vs_1h":1.2681520664272379,"ret_5m_vs_1h":0.8549347698039166},"funding":{"current_8h":0.0000125},"open_interest":{"current":131929.96991},"sentiment":{"score":0,"tags":[],"source_mix":{"cn_news":1}},"regime_tags":[],"derived":{"costs":{"fees_bps":3.5,"slippage_bps_est":3.4,"cost_bps":13.7,"cost_ok":true},"edge":{"expected_move_bps":71,"edge_bps":57.3,"edge_ok":true},"triggers":{"direction_m15":-1,"direction_h1":-1,"trend_aligned":true,"momentum_ok_long":false,"momentum_ok_short":false,"mr_ok_long":false,"mr_ok_short":false,"breakout_ok":false},"liquidity":{"min_depth_usd":30181.446610000003,"depth_ok":true,"tradeable":true},"normalized":{"ret_sigma_5m_vs_1h":0.8549347698039166,"vol_ratio_5m_vs_1h":1.2681520664272379}}},"XPL-PERP":{"price":0.21002,"spread_bps":5.71482998380841,"orderbook":{"book_pressure":0.09,"bid_liquidity_usd":35913.25729,"ask_liquidity_usd":29893.35929},"returns":{"m5":-0.003227337446606484,"m15":-0.003274642874092336,"h1":-0.021296425742112823},"vol_zscores":{"vol_5m_vs_1h":0.3545406061052176,"ret_5m_vs_1h":-2.0271717486787653},"funding":{"current_8h":0.0000125},"open_interest":{"current":71210.64132000001},"sentiment":{"score":0,"tags":[],"source_mix":{}},"regime_tags":["low_vol_compression","fast_move_down","oversold_m5","bb_expansion"],"derived":{"costs":{"fees_bps":3.5,"slippage_bps_est":2.9,"cost_bps":12.1,"cost_ok":true},"edge":{"expected_move_bps":213,"edge_bps":200.9,"edge_ok":true},"triggers":{"direction_m15":-1,"direction_h1":-1,"trend_aligned":true,"momentum_ok_long":false,"momentum_ok_short":false,"mr_ok_long":false,"mr_ok_short":false,"breakout_ok":false},"liquidity":{"min_depth_usd":29893.35929,"depth_ok":true,"tradeable":true},"normalized":{"ret_sigma_5m_vs_1h":-2.0271717486787653,"vol_ratio_5m_vs_1h":0.3545406061052176}}}},"constraints":{"max_position_pct_equity_per_symbol":0.2,"max_total_exposure_pct_equity":0.35,"min_trade_notional_usd":10,"kill_switch":false},"allowed_actions":["OPEN_POSITION","INCREASE_POSITION","REDUCE_POSITION","CLOSE_POSITION","HOLD_POSITION"],"meta":{"note":"Generated by SnapshotBuilder with Screener","fallback_markets":[],"missing_markets":[],"duplicate_markets":[]},"global_regime":{"current":"CHOP","score":-0.3333333333333333,"reason":"Mixed signals or low volatility"}}

CURRENT POSITIONS (JSON):
[]

Response:
I cannot provide trading decisions at this time. The market snapshot shows a "CHOP" regime with mixed signals and low volatility, which requires a defensive approach. However, the available symbols (PUMP-PERP and XPL-PERP) have all their triggers (momentum, mean reversion, and breakout) set to false, meaning no valid entry signals are present according to the strict gatekeeping rules.

Additionally, the audit requirements cannot be fully met as the snapshot lacks complete technical data needed for proper risk assessment and playbook validation.

Without valid triggers meeting the quality standards and incomplete data for proper auditing, no trading decisions can be responsibly generated.

```json
{"decisions": []}
```
-----------------------------------


--- 2025-11-27T10:25:01.041Z ---
Prompt:
MARKET SNAPSHOT:
{"timestamp":1764239095,"account":{"equity_usd":908.692786,"daily_realized_pnl":0,"max_daily_loss":500,"current_positions":[],"derived_portfolio":{"total_exposure_fraction":0,"remaining_capacity":0.35,"position_slots_used":0,"slots_remaining":5}},"markets":{"PUMP-PERP":{"price":0.002935,"spread_bps":6.809669731018949,"orderbook":{"book_pressure":0.08,"bid_liquidity_usd":34812.164964999996,"ask_liquidity_usd":29596.306183},"returns":{"m5":0.0010231923601636986,"m15":-0.003733876442633987,"h1":-0.007104194857916019},"vol_zscores":{"vol_5m_vs_1h":1.2681520664272379,"ret_5m_vs_1h":0.8549347698039166},"funding":{"current_8h":0.0000125},"open_interest":{"current":131929.96991},"sentiment":{"score":0,"tags":[],"source_mix":{"cn_news":1}},"regime_tags":[],"derived":{"costs":{"fees_bps":3.5,"slippage_bps_est":3.4,"cost_bps":13.7,"cost_ok":true},"edge":{"expected_move_bps":71,"edge_bps":57.3,"edge_ok":true},"triggers":{"direction_m15":-1,"direction_h1":-1,"trend_aligned":true,"momentum_ok_long":false,"momentum_ok_short":false,"mr_ok_long":false,"mr_ok_short":false,"breakout_ok":false},"liquidity":{"min_depth_usd":29596.306183,"depth_ok":true,"tradeable":true},"normalized":{"ret_sigma_5m_vs_1h":0.8549347698039166,"vol_ratio_5m_vs_1h":1.2681520664272379}}},"XPL-PERP":{"price":0.21,"spread_bps":6.197411388934819,"orderbook":{"book_pressure":0.05,"bid_liquidity_usd":34759.20613,"ask_liquidity_usd":31319.87451},"returns":{"m5":-0.0033222591362126537,"m15":-0.003369560058848731,"h1":-0.02138962673004339},"vol_zscores":{"vol_5m_vs_1h":0.35168727224602525,"ret_5m_vs_1h":-2.0865800589547336},"funding":{"current_8h":0.0000125},"open_interest":{"current":71203.86},"sentiment":{"score":0,"tags":[],"source_mix":{}},"regime_tags":["low_vol_compression","fast_move_down","oversold_m5","bb_expansion"],"derived":{"costs":{"fees_bps":3.5,"slippage_bps_est":3.1,"cost_bps":12.8,"cost_ok":true},"edge":{"expected_move_bps":213.9,"edge_bps":201.1,"edge_ok":true},"triggers":{"direction_m15":-1,"direction_h1":-1,"trend_aligned":true,"momentum_ok_long":false,"momentum_ok_short":false,"mr_ok_long":false,"mr_ok_short":false,"breakout_ok":false},"liquidity":{"min_depth_usd":31319.87451,"depth_ok":true,"tradeable":true},"normalized":{"ret_sigma_5m_vs_1h":-2.0865800589547336,"vol_ratio_5m_vs_1h":0.35168727224602525}}},"ADA-PERP":{"price":0.43305,"spread_bps":3.2309432046334834,"orderbook":{"book_pressure":0.08,"bid_liquidity_usd":49740.14719,"ask_liquidity_usd":42614.12442},"returns":{"m5":-0.00032318382234130285,"m15":-0.00016161802733656838,"h1":-0.005123139128836634},"vol_zscores":{"vol_5m_vs_1h":0.8582961918815454,"ret_5m_vs_1h":-0.43263741042652376},"funding":{"current_8h":0.0000125},"open_interest":{"current":53888.742},"sentiment":{"score":0,"tags":[],"source_mix":{}},"regime_tags":[],"derived":{"costs":{"fees_bps":3.5,"slippage_bps_est":1.6,"cost_bps":8.3,"cost_ok":true},"edge":{"expected_move_bps":51.2,"edge_bps":42.9,"edge_ok":true},"triggers":{"direction_m15":-1,"direction_h1":-1,"trend_aligned":true,"momentum_ok_long":false,"momentum_ok_short":false,"mr_ok_long":false,"mr_ok_short":false,"breakout_ok":false},"liquidity":{"min_depth_usd":42614.12442,"depth_ok":true,"tradeable":true},"normalized":{"ret_sigma_5m_vs_1h":-0.43263741042652376,"vol_ratio_5m_vs_1h":0.8582961918815454}}},"RESOLV-PERP":{"price":0.095163,"spread_bps":1.3654386471653097,"orderbook":{"book_pressure":0.06,"bid_liquidity_usd":44639.118773999995,"ask_liquidity_usd":39888.16526},"returns":{"m5":0.0025389266977096057,"m15":-0.003977266780402597,"h1":-0.021510462187034052},"vol_zscores":{"vol_5m_vs_1h":0.5280810180873852,"ret_5m_vs_1h":1.2264821929061158},"funding":{"current_8h":-0.0055356143},"open_interest":{"current":38578.509222},"sentiment":{"score":0,"tags":[],"source_mix":{}},"regime_tags":["bb_expansion"],"derived":{"costs":{"fees_bps":3.5,"slippage_bps_est":1,"cost_bps":5.9,"cost_ok":true},"edge":{"expected_move_bps":215.1,"edge_bps":209.2,"edge_ok":true},"triggers":{"direction_m15":-1,"direction_h1":-1,"trend_aligned":true,"momentum_ok_long":false,"momentum_ok_short":false,"mr_ok_long":false,"mr_ok_short":false,"breakout_ok":false},"liquidity":{"min_depth_usd":39888.16526,"depth_ok":true,"tradeable":true},"normalized":{"ret_sigma_5m_vs_1h":1.2264821929061158,"vol_ratio_5m_vs_1h":0.5280810180873852}}}},"constraints":{"max_position_pct_equity_per_symbol":0.2,"max_total_exposure_pct_equity":0.35,"min_trade_notional_usd":10,"kill_switch":false},"allowed_actions":["OPEN_POSITION","INCREASE_POSITION","REDUCE_POSITION","CLOSE_POSITION","HOLD_POSITION"],"meta":{"note":"Generated by SnapshotBuilder with Screener","fallback_markets":[],"missing_markets":[],"duplicate_markets":[]},"global_regime":{"current":"CHOP","score":-0.42857142857142855,"reason":"Mixed signals or low volatility"}}

CURRENT POSITIONS (JSON):
[]

Response:
{
  "decisions": []
}
-----------------------------------


--- 2025-11-27T10:28:43.611Z ---
Prompt:
MARKET SNAPSHOT:
{"timestamp":1764239319,"account":{"equity_usd":908.692786,"daily_realized_pnl":0,"max_daily_loss":500,"current_positions":[],"derived_portfolio":{"total_exposure_fraction":0,"remaining_capacity":0.35,"position_slots_used":0,"slots_remaining":5}},"markets":{"RESOLV-PERP":{"price":0.09511,"spread_bps":2.3194762200966004,"orderbook":{"book_pressure":0.14,"bid_liquidity_usd":45953.437568999994,"ask_liquidity_usd":34594.903208},"returns":{"m5":0.0010103774180646942,"m15":0.0017272976218060526,"h1":-0.021834150956979624},"vol_zscores":{"vol_5m_vs_1h":0.8049885721160394,"ret_5m_vs_1h":0.49264767537067244},"funding":{"current_8h":-0.0055489592},"open_interest":{"current":38557.02334},"sentiment":{"score":0,"tags":[],"source_mix":{}},"regime_tags":["oversold_m5","bb_expansion"],"derived":{"costs":{"fees_bps":3.5,"slippage_bps_est":1.2,"cost_bps":7,"cost_ok":true},"edge":{"expected_move_bps":218.3,"edge_bps":211.4,"edge_ok":true},"triggers":{"direction_m15":1,"direction_h1":-1,"trend_aligned":false,"momentum_ok_long":false,"momentum_ok_short":false,"mr_ok_long":false,"mr_ok_short":false,"breakout_ok":false},"liquidity":{"min_depth_usd":34594.903208,"depth_ok":true,"tradeable":true},"normalized":{"ret_sigma_5m_vs_1h":0.49264767537067244,"vol_ratio_5m_vs_1h":0.8049885721160394}}},"PUMP-PERP":{"price":0.002932,"spread_bps":6.818956699624384,"orderbook":{"book_pressure":0.08,"bid_liquidity_usd":35273.04002,"ask_liquidity_usd":29799.400378999995},"returns":{"m5":-0.0010221465076660867,"m15":0,"h1":-0.007111412123264393},"vol_zscores":{"vol_5m_vs_1h":0.24136557889144955,"ret_5m_vs_1h":-0.9047546238651905},"funding":{"current_8h":0.0000125},"open_interest":{"current":131795.118152},"sentiment":{"score":0,"tags":[],"source_mix":{"cn_news":1}},"regime_tags":["low_vol_compression"],"derived":{"costs":{"fees_bps":3.5,"slippage_bps_est":3.4,"cost_bps":13.7,"cost_ok":true},"edge":{"expected_move_bps":71.1,"edge_bps":57.4,"edge_ok":true},"triggers":{"direction_m15":0,"direction_h1":-1,"trend_aligned":false,"momentum_ok_long":false,"momentum_ok_short":false,"mr_ok_long":false,"mr_ok_short":false,"breakout_ok":false},"liquidity":{"min_depth_usd":29799.400378999995,"depth_ok":true,"tradeable":true},"normalized":{"ret_sigma_5m_vs_1h":-0.9047546238651905,"vol_ratio_5m_vs_1h":0.24136557889144955}}}},"constraints":{"max_position_pct_equity_per_symbol":0.2,"max_total_exposure_pct_equity":0.35,"min_trade_notional_usd":10,"kill_switch":false},"allowed_actions":["OPEN_POSITION","INCREASE_POSITION","REDUCE_POSITION","CLOSE_POSITION","HOLD_POSITION"],"meta":{"note":"Generated by SnapshotBuilder with Screener","fallback_markets":[],"missing_markets":[],"duplicate_markets":[]},"global_regime":{"current":"CHOP","score":-0.16666666666666666,"reason":"Mixed signals or low volatility"}}

CURRENT POSITIONS (JSON):
[]

Response:
{
  "decisions": []
}
-----------------------------------


--- 2025-11-27T10:35:26.419Z ---
Prompt:
MARKET SNAPSHOT:
{"timestamp":1764239724,"account":{"equity_usd":10000,"daily_realized_pnl":0,"max_daily_loss":500,"current_positions":[],"derived_portfolio":{"total_exposure_fraction":0,"remaining_capacity":1,"position_slots_used":0,"slots_remaining":5}},"markets":{"ETH-PERP":{"price":3023,"spread_bps":1.6544513012259483,"orderbook":{"book_pressure":0.16,"bid_liquidity_usd":108582.13355000003,"ask_liquidity_usd":78112.39799999999},"returns":{"m5":-0.003099752679307532,"m15":-0.003099752679307532,"h1":-0.0055264975821573675},"vol_zscores":{"vol_5m_vs_1h":1.3016805485882916,"ret_5m_vs_1h":-7.287725371179169},"funding":{"current_8h":0.0000125},"open_interest":{"current":1035396.8472},"sentiment":{"score":0.06428571428571428,"tags":["listing","regulation","airdrop","dump","outage"],"source_mix":{"cn_news":1}},"regime_tags":["fast_move_down"],"derived":{"costs":{"fees_bps":3.5,"slippage_bps_est":1,"cost_bps":6.2,"cost_ok":true},"edge":{"expected_move_bps":55.3,"edge_bps":49.1,"edge_ok":true},"triggers":{"direction_m15":-1,"direction_h1":-1,"trend_aligned":true,"momentum_ok_long":false,"momentum_ok_short":false,"mr_ok_long":true,"mr_ok_short":false,"breakout_ok":false},"liquidity":{"min_depth_usd":78112.39799999999,"depth_ok":true,"tradeable":true},"normalized":{"ret_sigma_5m_vs_1h":-7.287725371179169,"vol_ratio_5m_vs_1h":1.3016805485882916}}}},"constraints":{"max_position_pct_equity_per_symbol":0.2,"max_total_exposure_pct_equity":1,"min_trade_notional_usd":10,"kill_switch":false},"allowed_actions":["OPEN_POSITION","INCREASE_POSITION","REDUCE_POSITION","CLOSE_POSITION","HOLD_POSITION"],"meta":{"note":"Generated by SnapshotBuilder with Screener","fallback_markets":[],"missing_markets":[],"duplicate_markets":[]},"global_regime":{"current":"RISK_OFF","score":-1,"reason":"Low volatility but strong directional breadth"}}

CURRENT POSITIONS (JSON):
[]

Response:
```json
{
  "decisions": []
}
```
-----------------------------------


--- 2025-11-27T11:10:52.832Z ---
Prompt:
MARKET SNAPSHOT:
{"timestamp":1764241842,"account":{"equity_usd":908.692786,"daily_realized_pnl":0,"max_daily_loss":500,"current_positions":[],"derived_portfolio":{"total_exposure_fraction":0,"remaining_capacity":0.35,"position_slots_used":0,"slots_remaining":5}},"markets":{"PUMP-PERP":{"price":0.002901,"spread_bps":6.903693476009083,"orderbook":{"book_pressure":0.12,"bid_liquidity_usd":38279.267339000005,"ask_liquidity_usd":30162.623706000002},"returns":{"m5":-0.00446122168840082,"m15":-0.005485087418580718,"h1":-0.013600816048962973},"vol_zscores":{"vol_5m_vs_1h":0.5589139298499519,"ret_5m_vs_1h":-4.159653752944063},"funding":{"current_8h":0.0000125},"open_interest":{"current":130401.649986},"sentiment":{"score":0,"tags":[],"source_mix":{"cn_news":1}},"regime_tags":["fast_move_down","oversold_m5","bb_expansion"],"derived":{"costs":{"fees_bps":3.5,"slippage_bps_est":3.5,"cost_bps":13.9,"cost_ok":true},"edge":{"expected_move_bps":136,"edge_bps":122.2,"edge_ok":true},"triggers":{"direction_m15":-1,"direction_h1":-1,"trend_aligned":true,"momentum_ok_long":false,"momentum_ok_short":false,"mr_ok_long":true,"mr_ok_short":false,"breakout_ok":false},"liquidity":{"min_depth_usd":30162.623706000002,"depth_ok":true,"tradeable":true},"normalized":{"ret_sigma_5m_vs_1h":-4.159653752944063,"vol_ratio_5m_vs_1h":0.5589139298499519}}},"RESOLV-PERP":{"price":0.096536,"spread_bps":2.2802889748036486,"orderbook":{"book_pressure":0.13,"bid_liquidity_usd":40889.24753,"ask_liquidity_usd":31416.50992},"returns":{"m5":0.0006634049257815181,"m15":0.006757884198231226,"h1":0.015270708005552932},"vol_zscores":{"vol_5m_vs_1h":1.1903236304533948,"ret_5m_vs_1h":0.3327091563495302},"funding":{"current_8h":-0.0055344841},"open_interest":{"current":39135.115184},"sentiment":{"score":0,"tags":[],"source_mix":{}},"regime_tags":["bb_expansion"],"derived":{"costs":{"fees_bps":3.5,"slippage_bps_est":1.1,"cost_bps":6.9,"cost_ok":true},"edge":{"expected_move_bps":152.7,"edge_bps":145.8,"edge_ok":true},"triggers":{"direction_m15":1,"direction_h1":1,"trend_aligned":true,"momentum_ok_long":true,"momentum_ok_short":false,"mr_ok_long":false,"mr_ok_short":false,"breakout_ok":false},"liquidity":{"min_depth_usd":31416.50992,"depth_ok":true,"tradeable":true},"normalized":{"ret_sigma_5m_vs_1h":0.3327091563495302,"vol_ratio_5m_vs_1h":1.1903236304533948}}},"OP-PERP":{"price":0.33278,"spread_bps":3.304940886625475,"orderbook":{"book_pressure":-0.01,"bid_liquidity_usd":52506.964181,"ask_liquidity_usd":53256.87101299999},"returns":{"m5":-0.0015301989258602268,"m15":0.0005411906193626382,"h1":0.005256162397293437},"vol_zscores":{"vol_5m_vs_1h":0.5988625399255938,"ret_5m_vs_1h":-1.6072183921879197},"funding":{"current_8h":0.0000125},"open_interest":{"current":25159.69878800001},"sentiment":{"score":0,"tags":["listing","airdrop"],"source_mix":{"cn_news":1}},"regime_tags":[],"derived":{"costs":{"fees_bps":3.5,"slippage_bps_est":1.7,"cost_bps":8.5,"cost_ok":true},"edge":{"expected_move_bps":52.6,"edge_bps":44.1,"edge_ok":true},"triggers":{"direction_m15":1,"direction_h1":1,"trend_aligned":true,"momentum_ok_long":false,"momentum_ok_short":false,"mr_ok_long":false,"mr_ok_short":false,"breakout_ok":false},"liquidity":{"min_depth_usd":52506.964181,"depth_ok":true,"tradeable":true},"normalized":{"ret_sigma_5m_vs_1h":-1.6072183921879197,"vol_ratio_5m_vs_1h":0.5988625399255938}}},"XPL-PERP":{"price":0.20841,"spread_bps":8.635164307988173,"orderbook":{"book_pressure":-0.01,"bid_liquidity_usd":29621.248689999997,"ask_liquidity_usd":30056.68718},"returns":{"m5":-0.0011502516175412904,"m15":0.0007683073229292737,"h1":-0.010022800684020524},"vol_zscores":{"vol_5m_vs_1h":0.37127863016931145,"ret_5m_vs_1h":-0.7476403042077331},"funding":{"current_8h":0.0000125},"open_interest":{"current":70514.27304},"sentiment":{"score":0,"tags":[],"source_mix":{}},"regime_tags":["low_vol_compression","bb_expansion"],"derived":{"costs":{"fees_bps":3.5,"slippage_bps_est":4.3,"cost_bps":16.5,"cost_ok":true},"edge":{"expected_move_bps":100.2,"edge_bps":83.8,"edge_ok":true},"triggers":{"direction_m15":1,"direction_h1":-1,"trend_aligned":true,"momentum_ok_long":false,"momentum_ok_short":false,"mr_ok_long":false,"mr_ok_short":false,"breakout_ok":false},"liquidity":{"min_depth_usd":29621.248689999997,"depth_ok":true,"tradeable":true},"normalized":{"ret_sigma_5m_vs_1h":-0.7476403042077331,"vol_ratio_5m_vs_1h":0.37127863016931145}}}},"constraints":{"max_position_pct_equity_per_symbol":0.2,"max_total_exposure_pct_equity":0.35,"min_trade_notional_usd":10,"kill_switch":false},"allowed_actions":["OPEN_POSITION","INCREASE_POSITION","REDUCE_POSITION","CLOSE_POSITION","HOLD_POSITION"],"meta":{"note":"Generated by SnapshotBuilder with Screener","fallback_markets":[],"missing_markets":[],"duplicate_markets":[]},"global_regime":{"current":"CHOP","score":-0.2,"reason":"Mixed signals or low volatility"}}

CURRENT POSITIONS (JSON):
[]

Response:
```json
{
  "decisions": [
    {
      "action": "OPEN_POSITION",
      "symbol": "PUMP-PERP",
      "target_side": "long",
      "target_size_fraction_of_equity": 0.08,
      "playbook": "Mean Reversion Fade",
      "risk_plan": {
        "stop_loss_pct": 0.025,
        "take_profit_pct_primary": 0.04
      },
      "confidence": 0.75,
      "reason_code": "oversold_mr_fade",
      "notes": "CHOP regime - defensive sizing. PUMP extremely oversold (-4.16 sigma), MR trigger valid. Risk-reward favorable with edge > cost.",
      "audit": {
        "cost_bps": 13.9,
        "expected_move_bps": 136.0,
        "edge_bps": 122.2,
        "book_pressure": 0.12,
        "vol_ratio_5m_vs_1h": 0.56,
        "ret_sigma_5m_vs_1h": -4.16
      }
    }
  ]
}
```
-----------------------------------


--- 2025-11-27T11:17:37.643Z ---
Prompt:
MARKET SNAPSHOT:
{"timestamp":1764242237,"account":{"equity_usd":908.660107,"daily_realized_pnl":0,"max_daily_loss":500,"current_positions":[{"symbol":"PUMP-PERP","side":"long","size_usd":72.620982,"size_coin":25059,"fraction_of_equity":0.07992095332517993,"entry_price":0.002898,"unrealized_pnl":0,"leverage":10}],"derived_portfolio":{"total_exposure_fraction":0.0799,"remaining_capacity":0.2701,"position_slots_used":1,"slots_remaining":4}},"markets":{"RESOLV-PERP":{"price":0.096485,"spread_bps":2.283934596419219,"orderbook":{"book_pressure":0.08,"bid_liquidity_usd":38440.338040999995,"ask_liquidity_usd":32466.829035000002},"returns":{"m5":0.0019418887204303995,"m15":0.003265017520874222,"h1":0.01574919201170659},"vol_zscores":{"vol_5m_vs_1h":0.9270923908336964,"ret_5m_vs_1h":0.9800976504933948},"funding":{"current_8h":-0.0055738771},"open_interest":{"current":39114.44009},"sentiment":{"score":0,"tags":[],"source_mix":{}},"regime_tags":["bb_expansion"],"derived":{"costs":{"fees_bps":3.5,"slippage_bps_est":1.1,"cost_bps":6.9,"cost_ok":true},"edge":{"expected_move_bps":157.5,"edge_bps":150.6,"edge_ok":true},"triggers":{"direction_m15":1,"direction_h1":1,"trend_aligned":true,"momentum_ok_long":true,"momentum_ok_short":false,"mr_ok_long":false,"mr_ok_short":false,"breakout_ok":false},"liquidity":{"min_depth_usd":32466.829035000002,"depth_ok":true,"tradeable":true},"normalized":{"ret_sigma_5m_vs_1h":0.9800976504933948,"vol_ratio_5m_vs_1h":0.9270923908336964}}},"PUMP-PERP":{"price":0.002898,"spread_bps":10.350181128169622,"orderbook":{"book_pressure":0.15,"bid_liquidity_usd":40861.09348200001,"ask_liquidity_usd":30450.959639},"returns":{"m5":-0.0010341261633919215,"m15":-0.0051493305870236265,"h1":-0.008552856654122426},"vol_zscores":{"vol_5m_vs_1h":0.9550548648299204,"ret_5m_vs_1h":-0.9535146779259901},"funding":{"current_8h":0.0000125},"open_interest":{"current":130412.040192},"sentiment":{"score":0,"tags":[],"source_mix":{"cn_news":1}},"regime_tags":["oversold_m5","bb_expansion"],"derived":{"costs":{"fees_bps":3.5,"slippage_bps_est":5.2,"cost_bps":19,"cost_ok":true},"edge":{"expected_move_bps":85.5,"edge_bps":66.5,"edge_ok":false},"triggers":{"direction_m15":-1,"direction_h1":-1,"trend_aligned":true,"momentum_ok_long":false,"momentum_ok_short":false,"mr_ok_long":false,"mr_ok_short":false,"breakout_ok":false},"liquidity":{"min_depth_usd":30450.959639,"depth_ok":true,"tradeable":true},"normalized":{"ret_sigma_5m_vs_1h":-0.9535146779259901,"vol_ratio_5m_vs_1h":0.9550548648299204}}}},"constraints":{"max_position_pct_equity_per_symbol":0.2,"max_total_exposure_pct_equity":0.35,"min_trade_notional_usd":10,"kill_switch":false},"allowed_actions":["OPEN_POSITION","INCREASE_POSITION","REDUCE_POSITION","CLOSE_POSITION","HOLD_POSITION"],"meta":{"note":"Generated by SnapshotBuilder with Screener","fallback_markets":[],"missing_markets":[],"duplicate_markets":[]},"global_regime":{"current":"CHOP","score":-0.42857142857142855,"reason":"Mixed signals or low volatility"}}

CURRENT POSITIONS (JSON):
[
  {
    "symbol": "PUMP-PERP",
    "side": "long",
    "size_usd": 72.620982,
    "size_coin": 25059,
    "fraction_of_equity": 0.07992095332517993,
    "entry_price": 0.002898,
    "unrealized_pnl": 0,
    "leverage": 10
  }
]

Response:
{
  "decisions": [
    {
      "action": "CLOSE_POSITION",
      "symbol": "PUMP-PERP",
      "target_side": "flat",
      "target_size_fraction_of_equity": 0,
      "playbook": "N/A",
      "risk_plan": {
        "stop_loss_pct": 0,
        "take_profit_pct_primary": 0
      },
      "confidence": 0.8,
      "reason_code": "edge_failure_chop_regime",
      "notes": "Global CHOP regime requires defensive action. PUMP-PERP has edge_ok: false (edge_bps: 66.5 vs cost_bps: 19). Position shows negative momentum (m5: -0.1%, m15: -0.5%, h1: -0.9%) with no valid triggers for continuation.",
      "audit": {
        "cost_bps": 19,
        "expected_move_bps": 85.5,
        "edge_bps": 66.5,
        "edge_ok": false,
        "momentum_ok_long": false,
        "momentum_ok_short": false,
        "mr_ok_long": false,
        "mr_ok_short": false,
        "breakout_ok": false,
        "ret_sigma_5m_vs_1h": -0.95,
        "vol_ratio_5m_vs_1h": 0.96
      }
    }
  ]
}
-----------------------------------


--- 2025-11-27T13:04:10.376Z ---
Prompt:
MARKET SNAPSHOT:
{"timestamp":1764248635,"account":{"equity_usd":908.883827,"daily_realized_pnl":0,"max_daily_loss":500,"current_positions":[{"symbol":"PUMP-PERP","side":"long","size_usd":72.620982,"size_coin":25059,"fraction_of_equity":0.07990128093675497,"entry_price":0.002898,"unrealized_pnl":0.225531,"leverage":10}],"derived_portfolio":{"total_exposure_fraction":0.0799,"remaining_capacity":0.2701,"position_slots_used":1,"slots_remaining":4}},"markets":{"RESOLV-PERP":{"symbol":"RESOLV-PERP","price":0.09212,"spread_bps":5.319062325299455,"orderbook":{"book_pressure":-0.02,"bid_liquidity_usd":31307.341609,"ask_liquidity_usd":32753.151158000004},"returns":{"m5":-0.01532804583449136,"m15":-0.02311770943796396,"h1":-0.02587583406473722},"vol_zscores":{"vol_5m_vs_1h":1.6128130046577385,"ret_5m_vs_1h":-5.989764361336247},"funding":{"current_8h":-0.0042253907},"open_interest":{"current":37047.53191999999},"sentiment":{"score":0,"mentionsVsBaseline":0,"disagreement":0,"change2h":0},"regime_tags":["fast_move_down","oversold_m5","bb_expansion"],"derived":{"costs":{"fees_bps":3.5,"slippage_bps_est":2.7,"cost_bps":11.5,"cost_ok":true},"edge":{"expected_move_bps":258.8,"edge_bps":247.3,"edge_ok":true},"triggers":{"direction_m15":-1,"direction_h1":-1,"trend_aligned":true,"momentum_ok_long":false,"momentum_ok_short":false,"mr_ok_long":false,"mr_ok_short":false,"breakout_ok":false},"liquidity":{"min_depth_usd":31307.341609,"depth_ok":true,"tradeable":true},"normalized":{"ret_sigma_5m_vs_1h":-5.989764361336247,"vol_ratio_5m_vs_1h":1.6128130046577385}}},"ETH-PERP":{"symbol":"ETH-PERP","price":2997.2,"spread_bps":4.669779853234277,"orderbook":{"book_pressure":-0.02,"bid_liquidity_usd":74298.06106,"ask_liquidity_usd":77292.00695000002},"returns":{"m5":0.002441553229204899,"m15":-0.003358494330462662,"h1":-0.009779304876437281},"vol_zscores":{"vol_5m_vs_1h":0.6382631753165877,"ret_5m_vs_1h":4.6693410142066565},"funding":{"current_8h":0.0000125},"open_interest":{"current":1039265.31288},"sentiment":{"score":0.1714285714285714,"mentionsVsBaseline":1.4,"disagreement":0.4931855499426356,"change2h":0.1596638655462185},"regime_tags":["fast_move_up","oversold_m5"],"derived":{"costs":{"fees_bps":3.5,"slippage_bps_est":2.3,"cost_bps":10.5,"cost_ok":true},"edge":{"expected_move_bps":97.8,"edge_bps":87.3,"edge_ok":true},"triggers":{"direction_m15":-1,"direction_h1":-1,"trend_aligned":true,"momentum_ok_long":false,"momentum_ok_short":false,"mr_ok_long":false,"mr_ok_short":false,"breakout_ok":false},"liquidity":{"min_depth_usd":74298.06106,"depth_ok":true,"tradeable":true},"normalized":{"ret_sigma_5m_vs_1h":4.6693410142066565,"vol_ratio_5m_vs_1h":0.6382631753165877}}},"PUMP-PERP":{"symbol":"PUMP-PERP","price":0.002905,"spread_bps":20.639834881320706,"orderbook":{"book_pressure":0.09,"bid_liquidity_usd":28172.167394,"ask_liquidity_usd":23614.95061},"returns":{"m5":0.006932409012131734,"m15":0.0006889424733034212,"h1":0.0024154589371980888},"vol_zscores":{"vol_5m_vs_1h":0.2625187343703481,"ret_5m_vs_1h":5.880158645083694},"funding":{"current_8h":0.0000125},"open_interest":{"current":130727.04512},"sentiment":{"score":-0.4,"mentionsVsBaseline":0.4,"disagreement":0.8571428571428573,"change2h":-0.4},"regime_tags":["low_vol_compression","fast_move_up"],"derived":{"costs":{"fees_bps":3.5,"slippage_bps_est":10.3,"cost_bps":34.5,"cost_ok":false},"edge":{"expected_move_bps":24.2,"edge_bps":-10.3,"edge_ok":false},"triggers":{"direction_m15":1,"direction_h1":1,"trend_aligned":true,"momentum_ok_long":false,"momentum_ok_short":false,"mr_ok_long":false,"mr_ok_short":false,"breakout_ok":false},"liquidity":{"min_depth_usd":23614.95061,"depth_ok":true,"tradeable":false},"normalized":{"ret_sigma_5m_vs_1h":5.880158645083694,"vol_ratio_5m_vs_1h":0.2625187343703481}}},"BNB-PERP":{"symbol":"BNB-PERP","price":887.29,"spread_bps":3.6055525509277127,"orderbook":{"book_pressure":-0.11,"bid_liquidity_usd":31241.365749999997,"ask_liquidity_usd":39115.82307},"returns":{"m5":0.0007669663098768906,"m15":-0.0015641175676283773,"h1":-0.005168740890234347},"vol_zscores":{"vol_5m_vs_1h":0.7632715512508828,"ret_5m_vs_1h":1.7257464957503679},"funding":{"current_8h":0.0000125},"open_interest":{"current":345086.60138},"sentiment":{"score":0,"mentionsVsBaseline":0.6,"disagreement":0,"change2h":0.02857142857142857},"regime_tags":["oversold_m5"],"derived":{"costs":{"fees_bps":3.5,"slippage_bps_est":1.8,"cost_bps":8.9,"cost_ok":true},"edge":{"expected_move_bps":51.7,"edge_bps":42.8,"edge_ok":true},"triggers":{"direction_m15":-1,"direction_h1":-1,"trend_aligned":true,"momentum_ok_long":false,"momentum_ok_short":true,"mr_ok_long":false,"mr_ok_short":false,"breakout_ok":false},"liquidity":{"min_depth_usd":31241.365749999997,"depth_ok":true,"tradeable":true},"normalized":{"ret_sigma_5m_vs_1h":1.7257464957503679,"vol_ratio_5m_vs_1h":0.7632715512508828}}},"XPL-PERP":{"symbol":"XPL-PERP","price":0.20831,"spread_bps":5.279197561970531,"orderbook":{"book_pressure":0.05,"bid_liquidity_usd":34010.83775,"ask_liquidity_usd":30854.957990000003},"returns":{"m5":0.00395199768663544,"m15":-0.00809485262606546,"h1":-0.004159097428052441},"vol_zscores":{"vol_5m_vs_1h":0.2799511648225027,"ret_5m_vs_1h":1.9208277977029862},"funding":{"current_8h":0.0000125},"open_interest":{"current":70480.43864},"sentiment":{"score":0,"mentionsVsBaseline":0,"disagreement":0,"change2h":0},"regime_tags":["low_vol_compression","bb_expansion"],"derived":{"costs":{"fees_bps":3.5,"slippage_bps_est":2.6,"cost_bps":11.4,"cost_ok":true},"edge":{"expected_move_bps":80.9,"edge_bps":69.5,"edge_ok":true},"triggers":{"direction_m15":-1,"direction_h1":-1,"trend_aligned":true,"momentum_ok_long":false,"momentum_ok_short":false,"mr_ok_long":false,"mr_ok_short":false,"breakout_ok":false},"liquidity":{"min_depth_usd":30854.957990000003,"depth_ok":true,"tradeable":true},"normalized":{"ret_sigma_5m_vs_1h":1.9208277977029862,"vol_ratio_5m_vs_1h":0.2799511648225027}}}},"constraints":{"max_position_pct_equity_per_symbol":0.2,"max_total_exposure_pct_equity":0.35,"min_trade_notional_usd":10,"kill_switch":false},"allowed_actions":["OPEN_POSITION","INCREASE_POSITION","REDUCE_POSITION","CLOSE_POSITION","HOLD_POSITION"],"meta":{"note":"Generated by SnapshotBuilder with Screener","fallback_markets":[],"missing_markets":[],"duplicate_markets":[]},"global_regime":{"current":"CHOP","score":-0.2222222222222222,"reason":"Mixed signals or low volatility"}}

CURRENT POSITIONS (JSON):
[
  {
    "symbol": "PUMP-PERP",
    "side": "long",
    "size_usd": 72.620982,
    "size_coin": 25059,
    "fraction_of_equity": 0.07990128093675497,
    "entry_price": 0.002898,
    "unrealized_pnl": 0.225531,
    "leverage": 10
  }
]

Response:
{
  "decisions": [
    {
      "action": "CLOSE_POSITION",
      "symbol": "PUMP-PERP",
      "target_side": "flat",
      "target_size_fraction_of_equity": 0,
      "playbook": "N/A",
      "risk_plan": {
        "stop_loss_pct": 0,
        "take_profit_pct_primary": 0
      },
      "confidence": 0.95,
      "reason_code": "edge_cost_failure",
      "notes": "Global CHOP regime - defensive mode. PUMP-PERP has edge_ok=false (edge_bps=-10.3) and cost_ok=false (cost_bps=34.5). Cannot hold losing position in chop.",
      "audit": {
        "cost_bps": 34.5,
        "expected_move_bps": 24.2,
        "edge_bps": -10.3,
        "book_pressure": 0.09,
        "vol_ratio_5m_vs_1h": 0.2625187343703481,
        "ret_sigma_5m_vs_1h": 5.880158645083694
      }
    }
  ]
}
-----------------------------------


--- 2025-11-27T14:39:53.324Z ---
Prompt:
MARKET SNAPSHOT:
{"timestamp":1764254376,"account":{"equity_usd":5.48,"daily_realized_pnl":0,"max_daily_loss":500,"current_positions":[],"derived_portfolio":{"total_exposure_fraction":0,"remaining_capacity":0.35,"position_slots_used":0,"slots_remaining":5}},"markets":{"PUMP-PERP":{"symbol":"PUMP-PERP","price":0.002917,"spread_bps":3.429943405934257,"orderbook":{"book_pressure":-0.05,"bid_liquidity_usd":818566.0871420001,"ask_liquidity_usd":896235.730894},"returns":{"m5":-0.005455165359699951,"m15":-0.005455165359699951,"h1":-0.0057941376959782164},"vol_zscores":{"vol_5m_vs_1h":1.131272135698537,"ret_5m_vs_1h":-4.057174889502277},"funding":{"current_8h":0.0000125},"open_interest":{"current":66039441.907332},"sentiment":{"score":-0.1,"mentionsVsBaseline":1,"disagreement":0.6161102472242236,"change2h":0.3},"regime_tags":["fast_move_down"],"derived":{"costs":{"fees_bps":3.5,"slippage_bps_est":2.6,"cost_bps":9.5,"cost_ok":true},"edge":{"expected_move_bps":57.9,"edge_bps":48.4,"edge_ok":true},"triggers":{"direction_m15":-1,"direction_h1":-1,"trend_aligned":true,"momentum_ok_long":false,"momentum_ok_short":true,"mr_ok_long":false,"mr_ok_short":false,"breakout_ok":false},"liquidity":{"min_depth_usd":818566.0871420001,"depth_ok":true,"tradeable":true},"normalized":{"ret_sigma_5m_vs_1h":-4.057174889502277,"vol_ratio_5m_vs_1h":1.131272135698537}}},"FIL-PERP":{"symbol":"FIL-PERP","price":1.6535,"spread_bps":6.051071039574682,"orderbook":{"book_pressure":-0.03,"bid_liquidity_usd":144446.56111,"ask_liquidity_usd":153377.14877},"returns":{"m5":-0.002895927601809904,"m15":0.0022437841115827994,"h1":0.007436757086254184},"vol_zscores":{"vol_5m_vs_1h":0.7304745205521946,"ret_5m_vs_1h":-4.470794931122683},"funding":{"current_8h":-0.0000268908},"open_interest":{"current":2854306.4235},"sentiment":{"score":0,"mentionsVsBaseline":0,"disagreement":0,"change2h":0},"regime_tags":["fast_move_down"],"derived":{"costs":{"fees_bps":3.5,"slippage_bps_est":4.5,"cost_bps":14.1,"cost_ok":true},"edge":{"expected_move_bps":74.4,"edge_bps":60.3,"edge_ok":true},"triggers":{"direction_m15":1,"direction_h1":1,"trend_aligned":true,"momentum_ok_long":false,"momentum_ok_short":false,"mr_ok_long":false,"mr_ok_short":false,"breakout_ok":false},"liquidity":{"min_depth_usd":144446.56111,"depth_ok":true,"tradeable":true},"normalized":{"ret_sigma_5m_vs_1h":-4.470794931122683,"vol_ratio_5m_vs_1h":0.7304745205521946}}},"GRASS-PERP":{"symbol":"GRASS-PERP","price":0.34095,"spread_bps":3.8115901660963005,"orderbook":{"book_pressure":0.14,"bid_liquidity_usd":70402.82217199999,"ask_liquidity_usd":52829.895029999985},"returns":{"m5":-0.00423481308411217,"m15":0.002351903571953454,"h1":0.0054556178118548},"vol_zscores":{"vol_5m_vs_1h":0.9549635368745906,"ret_5m_vs_1h":-3.2104515672374103},"funding":{"current_8h":-0.0000087689},"open_interest":{"current":1075279.65444},"sentiment":{"score":0,"mentionsVsBaseline":0,"disagreement":0,"change2h":0},"regime_tags":["fast_move_down"],"derived":{"costs":{"fees_bps":3.5,"slippage_bps_est":2.9,"cost_bps":10.2,"cost_ok":true},"edge":{"expected_move_bps":54.6,"edge_bps":44.4,"edge_ok":true},"triggers":{"direction_m15":1,"direction_h1":1,"trend_aligned":true,"momentum_ok_long":true,"momentum_ok_short":false,"mr_ok_long":true,"mr_ok_short":false,"breakout_ok":false},"liquidity":{"min_depth_usd":52829.895029999985,"depth_ok":true,"tradeable":true},"normalized":{"ret_sigma_5m_vs_1h":-3.2104515672374103,"vol_ratio_5m_vs_1h":0.9549635368745906}}},"ASTER-PERP":{"symbol":"ASTER-PERP","price":1.093,"spread_bps":3.659987190044432,"orderbook":{"book_pressure":0.08,"bid_liquidity_usd":253120.0147,"ask_liquidity_usd":215497.36490000002},"returns":{"m5":-0.002555210804891527,"m15":-0.003555474519099293,"h1":0.005612291839175632},"vol_zscores":{"vol_5m_vs_1h":1.2732094809720083,"ret_5m_vs_1h":-2.3503148836384793},"funding":{"current_8h":0.0000125},"open_interest":{"current":67873361.01799999},"sentiment":{"score":0.2,"mentionsVsBaseline":0.2,"disagreement":0,"change2h":0},"regime_tags":["fast_move_down"],"derived":{"costs":{"fees_bps":3.5,"slippage_bps_est":2.7,"cost_bps":9.9,"cost_ok":true},"edge":{"expected_move_bps":56.1,"edge_bps":46.2,"edge_ok":true},"triggers":{"direction_m15":-1,"direction_h1":1,"trend_aligned":false,"momentum_ok_long":false,"momentum_ok_short":false,"mr_ok_long":true,"mr_ok_short":false,"breakout_ok":false},"liquidity":{"min_depth_usd":215497.36490000002,"depth_ok":true,"tradeable":true},"normalized":{"ret_sigma_5m_vs_1h":-2.3503148836384793,"vol_ratio_5m_vs_1h":1.2732094809720083}}}},"constraints":{"max_position_pct_equity_per_symbol":0.2,"max_total_exposure_pct_equity":0.35,"min_trade_notional_usd":10,"kill_switch":false},"allowed_actions":["OPEN_POSITION","INCREASE_POSITION","REDUCE_POSITION","CLOSE_POSITION","HOLD_POSITION"],"meta":{"note":"Generated by SnapshotBuilder with Screener","fallback_markets":[],"missing_markets":[],"duplicate_markets":[]},"global_regime":{"current":"CHOP","score":-0.05,"reason":"Mixed signals or low volatility"}}

CURRENT POSITIONS (JSON):
[]

Response:
{
  "decisions": []
}
-----------------------------------


--- 2025-11-27T14:44:08.085Z ---
Prompt:
MARKET SNAPSHOT:
{"timestamp":1764254626,"account":{"equity_usd":909.158557,"daily_realized_pnl":0,"max_daily_loss":500,"current_positions":[{"symbol":"PUMP-PERP","side":"long","size_usd":72.620982,"size_coin":25059,"fraction_of_equity":0.07987713632661766,"entry_price":0.002898,"unrealized_pnl":0.50118,"leverage":10}],"derived_portfolio":{"total_exposure_fraction":0.0799,"remaining_capacity":0.2701,"position_slots_used":1,"slots_remaining":4}},"markets":{"PUMP-PERP":{"symbol":"PUMP-PERP","price":0.002918,"spread_bps":6.8469702156804715,"orderbook":{"book_pressure":0.03,"bid_liquidity_usd":35395.035218,"ask_liquidity_usd":33374.414446},"returns":{"m5":0.001372683596431056,"m15":-0.005792163543441257,"h1":-0.004774897680764025},"vol_zscores":{"vol_5m_vs_1h":0.7498408524078504,"ret_5m_vs_1h":1.2088896523546238},"funding":{"current_8h":0.0000125},"open_interest":{"current":131157.289388},"sentiment":{"score":-0.1,"mentionsVsBaseline":1,"disagreement":0.6161102472242236,"change2h":0.3},"regime_tags":[],"derived":{"costs":{"fees_bps":3.5,"slippage_bps_est":3.4,"cost_bps":13.8,"cost_ok":true},"edge":{"expected_move_bps":57.9,"edge_bps":44.2,"edge_ok":false},"triggers":{"direction_m15":-1,"direction_h1":-1,"trend_aligned":true,"momentum_ok_long":false,"momentum_ok_short":false,"mr_ok_long":false,"mr_ok_short":false,"breakout_ok":false},"liquidity":{"min_depth_usd":33374.414446,"depth_ok":true,"tradeable":true},"normalized":{"ret_sigma_5m_vs_1h":1.2088896523546238,"vol_ratio_5m_vs_1h":0.7498408524078504}}},"RESOLV-PERP":{"symbol":"RESOLV-PERP","price":0.089994,"spread_bps":2.4430600437538867,"orderbook":{"book_pressure":-0.05,"bid_liquidity_usd":41136.440289000006,"ask_liquidity_usd":45408.07205},"returns":{"m5":-0.0022174424019335195,"m15":-0.01957708272052808,"h1":-0.025184414909173558},"vol_zscores":{"vol_5m_vs_1h":0.46811800685276445,"ret_5m_vs_1h":-0.9059009453593906},"funding":{"current_8h":-0.003592723},"open_interest":{"current":36192.527004},"sentiment":{"score":0,"mentionsVsBaseline":0,"disagreement":0,"change2h":0},"regime_tags":["low_vol_compression","oversold_m5","bb_expansion"],"derived":{"costs":{"fees_bps":3.5,"slippage_bps_est":1.2,"cost_bps":7.2,"cost_ok":true},"edge":{"expected_move_bps":251.8,"edge_bps":244.7,"edge_ok":true},"triggers":{"direction_m15":-1,"direction_h1":-1,"trend_aligned":true,"momentum_ok_long":false,"momentum_ok_short":false,"mr_ok_long":false,"mr_ok_short":false,"breakout_ok":false},"liquidity":{"min_depth_usd":41136.440289000006,"depth_ok":true,"tradeable":true},"normalized":{"ret_sigma_5m_vs_1h":-0.9059009453593906,"vol_ratio_5m_vs_1h":0.46811800685276445}}}},"constraints":{"max_position_pct_equity_per_symbol":0.2,"max_total_exposure_pct_equity":0.35,"min_trade_notional_usd":10,"kill_switch":false},"allowed_actions":["OPEN_POSITION","INCREASE_POSITION","REDUCE_POSITION","CLOSE_POSITION","HOLD_POSITION"],"meta":{"note":"Generated by SnapshotBuilder with Screener","fallback_markets":[],"missing_markets":[],"duplicate_markets":[]},"global_regime":{"current":"CHOP","score":-0.4,"reason":"Mixed signals or low volatility"}}

CURRENT POSITIONS (JSON):
[
  {
    "symbol": "PUMP-PERP",
    "side": "long",
    "size_usd": 72.620982,
    "size_coin": 25059,
    "fraction_of_equity": 0.07987713632661766,
    "entry_price": 0.002898,
    "unrealized_pnl": 0.50118,
    "leverage": 10
  }
]

Response:
{
  "decisions": [
    {
      "action": "CLOSE_POSITION",
      "symbol": "PUMP-PERP",
      "target_side": "flat",
      "target_size_fraction_of_equity": 0,
      "playbook": "N/A",
      "risk_plan": {
        "stop_loss_pct": 0,
        "take_profit_pct_primary": 0
      },
      "confidence": 0.8,
      "reason_code": "edge_gate_failed_chop_regime",
      "notes": "Global CHOP regime. PUMP-PERP has edge_ok=false and no valid triggers. Must close position to protect capital.",
      "audit": {
        "cost_bps": 13.8,
        "expected_move_bps": 57.9,
        "edge_bps": 44.2,
        "edge_ok": false,
        "book_pressure": 0.03,
        "vol_ratio_5m_vs_1h": 0.75,
        "ret_sigma_5m_vs_1h": 1.21
      }
    }
  ]
}
-----------------------------------


--- 2025-11-27T16:37:52.723Z ---
Prompt:
MARKET SNAPSHOT:
{"timestamp":1764261458,"account":{"equity_usd":911.988283,"daily_realized_pnl":0,"max_daily_loss":500,"current_positions":[{"symbol":"SOL-PERP","side":"short","size_usd":14.249000000000002,"size_coin":0.1,"fraction_of_equity":0.015624104240821701,"entry_price":142.49,"unrealized_pnl":0.026,"leverage":10},{"symbol":"PUMP-PERP","side":"long","size_usd":72.620982,"size_coin":25059,"fraction_of_equity":0.07962929278116614,"entry_price":0.002898,"unrealized_pnl":3.307788,"leverage":10}],"derived_portfolio":{"total_exposure_fraction":0.0953,"remaining_capacity":0.2547,"position_slots_used":2,"slots_remaining":3}},"markets":{"RESOLV-PERP":{"symbol":"RESOLV-PERP","price":0.089696,"spread_bps":3.574700060323538,"orderbook":{"book_pressure":0.1,"bid_liquidity_usd":36530.058288,"ask_liquidity_usd":29620.592360000002},"returns":{"m5":0.005910125716336392,"m15":0.004580734037429779,"h1":-0.0012248624813486738},"vol_zscores":{"vol_5m_vs_1h":1.134224381859598,"ret_5m_vs_1h":2.0354676273249748},"funding":{"current_8h":-0.0026178881},"open_interest":{"current":36060.124096},"sentiment":{"score":0,"mentionsVsBaseline":0,"disagreement":0,"change2h":0},"regime_tags":["fast_move_up","bb_expansion"],"derived":{"costs":{"fees_bps":3.5,"slippage_bps_est":1.8,"cost_bps":8.9,"cost_ok":true},"edge":{"expected_move_bps":45.8,"edge_bps":36.9,"edge_ok":true},"triggers":{"direction_m15":1,"direction_h1":-1,"trend_aligned":true,"momentum_ok_long":true,"momentum_ok_short":false,"mr_ok_long":false,"mr_ok_short":false,"breakout_ok":false},"liquidity":{"min_depth_usd":29620.592360000002,"depth_ok":true,"tradeable":true},"normalized":{"ret_sigma_5m_vs_1h":2.0354676273249748,"vol_ratio_5m_vs_1h":1.134224381859598}}},"ADA-PERP":{"symbol":"ADA-PERP","price":0.4358,"spread_bps":3.212114259492337,"orderbook":{"book_pressure":0.14,"bid_liquidity_usd":79448.83182000002,"ask_liquidity_usd":59629.22443},"returns":{"m5":0.0017699928740547743,"m15":0.003292124225890468,"h1":0.011136890951276164},"vol_zscores":{"vol_5m_vs_1h":0.7054868395716717,"ret_5m_vs_1h":1.8061246463576932},"funding":{"current_8h":0.0000125},"open_interest":{"current":53618.2172},"sentiment":{"score":0,"mentionsVsBaseline":0,"disagreement":0,"change2h":0},"regime_tags":["overbought_m5"],"derived":{"costs":{"fees_bps":3.5,"slippage_bps_est":1.6,"cost_bps":8.3,"cost_ok":true},"edge":{"expected_move_bps":111.4,"edge_bps":103.1,"edge_ok":true},"triggers":{"direction_m15":1,"direction_h1":1,"trend_aligned":true,"momentum_ok_long":true,"momentum_ok_short":false,"mr_ok_long":false,"mr_ok_short":false,"breakout_ok":false},"liquidity":{"min_depth_usd":59629.22443,"depth_ok":true,"tradeable":true},"normalized":{"ret_sigma_5m_vs_1h":1.8061246463576932,"vol_ratio_5m_vs_1h":0.7054868395716717}}},"OP-PERP":{"symbol":"OP-PERP","price":0.34182,"spread_bps":3.512058066026955,"orderbook":{"book_pressure":0.05,"bid_liquidity_usd":50458.87188500001,"ask_liquidity_usd":46044.360779999995},"returns":{"m5":0.0023459034660724383,"m15":0.0034935267005255684,"h1":0.01235006663705022},"vol_zscores":{"vol_5m_vs_1h":0.643829583106368,"ret_5m_vs_1h":1.6333473552478892},"funding":{"current_8h":0.0000125},"open_interest":{"current":25732.277964},"sentiment":{"score":0,"mentionsVsBaseline":0,"disagreement":0,"change2h":0},"regime_tags":["overbought_m5","bb_expansion"],"derived":{"costs":{"fees_bps":3.5,"slippage_bps_est":1.8,"cost_bps":8.8,"cost_ok":true},"edge":{"expected_move_bps":123.5,"edge_bps":114.7,"edge_ok":true},"triggers":{"direction_m15":1,"direction_h1":1,"trend_aligned":true,"momentum_ok_long":true,"momentum_ok_short":false,"mr_ok_long":false,"mr_ok_short":false,"breakout_ok":false},"liquidity":{"min_depth_usd":46044.360779999995,"depth_ok":true,"tradeable":true},"normalized":{"ret_sigma_5m_vs_1h":1.6333473552478892,"vol_ratio_5m_vs_1h":0.643829583106368}}},"ETH-PERP":{"symbol":"ETH-PERP","price":3022.6,"spread_bps":4.302142798048091,"orderbook":{"book_pressure":0.15,"bid_liquidity_usd":80546.06656,"ask_liquidity_usd":59305.38122},"returns":{"m5":0.0007615137569114747,"m15":0.0007283803469738505,"h1":0.005723031875956551},"vol_zscores":{"vol_5m_vs_1h":0.7981082006774457,"ret_5m_vs_1h":1.297221668977394},"funding":{"current_8h":0.0000125},"open_interest":{"current":1086651.9034},"sentiment":{"score":0,"mentionsVsBaseline":1,"disagreement":0,"change2h":-0.3142857142857143},"regime_tags":["overbought_m5"],"derived":{"costs":{"fees_bps":3.5,"slippage_bps_est":2.2,"cost_bps":10,"cost_ok":true},"edge":{"expected_move_bps":57.2,"edge_bps":47.3,"edge_ok":true},"triggers":{"direction_m15":1,"direction_h1":1,"trend_aligned":true,"momentum_ok_long":true,"momentum_ok_short":false,"mr_ok_long":false,"mr_ok_short":false,"breakout_ok":false},"liquidity":{"min_depth_usd":59305.38122,"depth_ok":true,"tradeable":true},"normalized":{"ret_sigma_5m_vs_1h":1.297221668977394,"vol_ratio_5m_vs_1h":0.7981082006774457}}},"SOL-PERP":{"symbol":"SOL-PERP","price":142.23,"spread_bps":7.028888732690963,"orderbook":{"book_pressure":0.17,"bid_liquidity_usd":52770.801800000016,"ask_liquidity_usd":37225.056300000004},"returns":{"m5":0.0009148486980998977,"m15":0.0009148486980998977,"h1":0.0011966774602279846},"vol_zscores":{"vol_5m_vs_1h":0.7283117910484707,"ret_5m_vs_1h":1.281852420935604},"funding":{"current_8h":0.000025156},"open_interest":{"current":661551.5543999999},"sentiment":{"score":0,"mentionsVsBaseline":0.8,"disagreement":0,"change2h":0.05714285714285715},"regime_tags":[],"derived":{"costs":{"fees_bps":3.5,"slippage_bps_est":3.5,"cost_bps":14,"cost_ok":true},"edge":{"expected_move_bps":12,"edge_bps":-2.1,"edge_ok":false},"triggers":{"direction_m15":1,"direction_h1":1,"trend_aligned":true,"momentum_ok_long":true,"momentum_ok_short":false,"mr_ok_long":false,"mr_ok_short":false,"breakout_ok":false},"liquidity":{"min_depth_usd":37225.056300000004,"depth_ok":true,"tradeable":true},"normalized":{"ret_sigma_5m_vs_1h":1.281852420935604,"vol_ratio_5m_vs_1h":0.7283117910484707}}},"JUP-PERP":{"symbol":"JUP-PERP","price":0.25845,"spread_bps":5.031641282682214,"orderbook":{"book_pressure":0.01,"bid_liquidity_usd":44088.94631,"ask_liquidity_usd":43623.0834},"returns":{"m5":0.0003870718018191948,"m15":0.0013560635412631422,"h1":0.005876858410523902},"vol_zscores":{"vol_5m_vs_1h":0.5335440192421801,"ret_5m_vs_1h":0.3712009899275468},"funding":{"current_8h":-0.0000234896},"open_interest":{"current":40408.1406},"sentiment":{"score":-0.6,"mentionsVsBaseline":0.4,"disagreement":0.5714285714285715,"change2h":0.4},"regime_tags":[],"derived":{"costs":{"fees_bps":3.5,"slippage_bps_est":2.5,"cost_bps":11,"cost_ok":true},"edge":{"expected_move_bps":58.8,"edge_bps":47.7,"edge_ok":true},"triggers":{"direction_m15":1,"direction_h1":1,"trend_aligned":true,"momentum_ok_long":false,"momentum_ok_short":false,"mr_ok_long":false,"mr_ok_short":false,"breakout_ok":false},"liquidity":{"min_depth_usd":43623.0834,"depth_ok":true,"tradeable":true},"normalized":{"ret_sigma_5m_vs_1h":0.3712009899275468,"vol_ratio_5m_vs_1h":0.5335440192421801}}},"PUMP-PERP":{"symbol":"PUMP-PERP","price":0.003032,"spread_bps":32.99241174529867,"orderbook":{"book_pressure":0.09,"bid_liquidity_usd":28372.34499,"ask_liquidity_usd":23671.1946},"returns":{"m5":0.004638833664678636,"m15":0.006974427100631082,"h1":0.02225219150370873},"vol_zscores":{"vol_5m_vs_1h":0.5639822439675104,"ret_5m_vs_1h":1.8340909214837964},"funding":{"current_8h":0.0000125},"open_interest":{"current":136281.323312},"sentiment":{"score":-0.4,"mentionsVsBaseline":0.4,"disagreement":0.8571428571428573,"change2h":0.6},"regime_tags":["overbought_m5","bb_expansion"],"derived":{"costs":{"fees_bps":3.5,"slippage_bps_est":16.5,"cost_bps":53,"cost_ok":false},"edge":{"expected_move_bps":222.5,"edge_bps":169.5,"edge_ok":false},"triggers":{"direction_m15":1,"direction_h1":1,"trend_aligned":true,"momentum_ok_long":true,"momentum_ok_short":false,"mr_ok_long":false,"mr_ok_short":false,"breakout_ok":false},"liquidity":{"min_depth_usd":23671.1946,"depth_ok":true,"tradeable":false},"normalized":{"ret_sigma_5m_vs_1h":1.8340909214837964,"vol_ratio_5m_vs_1h":0.5639822439675104}}}},"constraints":{"max_position_pct_equity_per_symbol":0.2,"max_total_exposure_pct_equity":0.35,"min_trade_notional_usd":10,"kill_switch":false,"no_flip_same_tick":true},"allowed_actions":["OPEN_POSITION","INCREASE_POSITION","REDUCE_POSITION","CLOSE_POSITION","HOLD_POSITION"],"meta":{"note":"Generated by SnapshotBuilder with Screener","fallback_markets":[],"missing_markets":[],"duplicate_markets":[]},"global_regime":{"current":"CHOP","score":0.5,"reason":"Mixed signals or low volatility"}}

CURRENT POSITIONS (JSON):
[
  {
    "symbol": "SOL-PERP",
    "side": "short",
    "size_usd": 14.249000000000002,
    "size_coin": 0.1,
    "fraction_of_equity": 0.015624104240821701,
    "entry_price": 142.49,
    "unrealized_pnl": 0.026,
    "leverage": 10
  },
  {
    "symbol": "PUMP-PERP",
    "side": "long",
    "size_usd": 72.620982,
    "size_coin": 25059,
    "fraction_of_equity": 0.07962929278116614,
    "entry_price": 0.002898,
    "unrealized_pnl": 3.307788,
    "leverage": 10
  }
]

Response:
```json
{
  "decisions": [
    {
      "action": "CLOSE_POSITION",
      "symbol": "SOL-PERP",
      "target_side": "flat",
      "target_size_fraction_of_equity": 0,
      "playbook": "N/A",
      "risk_plan": {
        "stop_loss_pct": 0,
        "take_profit_pct_primary": 0
      },
      "confidence": 0.8,
      "reason_code": "edge_failure_chop_regime",
      "notes": "Global CHOP regime. SOL edge_ok is false (edge_bps: -2.1), violating defensive rules. Must close position.",
      "audit": {
        "cost_bps": 14.0,
        "expected_move_bps": 12.0,
        "edge_bps": -2.1,
        "edge_ok": false,
        "book_pressure": 0.17,
        "vol_ratio_5m_vs_1h": 0.7283117910484707
      }
    },
    {
      "action": "CLOSE_POSITION",
      "symbol": "PUMP-PERP",
      "target_side": "flat",
      "target_size_fraction_of_equity": 0,
      "playbook": "N/A",
      "risk_plan": {
        "stop_loss_pct": 0,
        "take_profit_pct_primary": 0
      },
      "confidence": 0.9,
      "reason_code": "multiple_violations_chop",
      "notes": "Global CHOP regime. PUMP has edge_ok false AND tradeable false (cost_bps: 53). Violates all defensive gates. Must close immediately.",
      "audit": {
        "cost_bps": 53.0,
        "expected_move_bps": 222.5,
        "edge_bps": 169.5,
        "edge_ok": false,
        "tradeable": false,
        "book_pressure": 0.09,
        "vol_ratio_5m_vs_1h": 0.5639822439675104
      }
    }
  ]
}
```
-----------------------------------


--- 2025-11-27T16:38:30.492Z ---
Prompt:
MARKET SNAPSHOT:
{"timestamp":1764261492,"account":{"equity_usd":912.088519,"daily_realized_pnl":0,"max_daily_loss":500,"current_positions":[{"symbol":"SOL-PERP","side":"short","size_usd":14.249000000000002,"size_coin":0.1,"fraction_of_equity":0.015622387195074432,"entry_price":142.49,"unrealized_pnl":0.026,"leverage":10},{"symbol":"PUMP-PERP","side":"long","size_usd":72.620982,"size_coin":25059,"fraction_of_equity":0.07962054174261567,"entry_price":0.002898,"unrealized_pnl":3.408024,"leverage":10}],"derived_portfolio":{"total_exposure_fraction":0.0952,"remaining_capacity":0.2548,"position_slots_used":2,"slots_remaining":3}},"markets":{"ADA-PERP":{"symbol":"ADA-PERP","price":0.43585,"spread_bps":2.9831908668468587,"orderbook":{"book_pressure":0.03,"bid_liquidity_usd":47106.684689999995,"ask_liquidity_usd":43995.42667},"returns":{"m5":0.0013785180930499469,"m15":0.0018158414931274144,"h1":0.01090107851095915},"vol_zscores":{"vol_5m_vs_1h":0.717931340925823,"ret_5m_vs_1h":1.4059083301103434},"funding":{"current_8h":0.0000125},"open_interest":{"current":53624.3689},"sentiment":{"score":0,"mentionsVsBaseline":0,"disagreement":0,"change2h":0},"regime_tags":["overbought_m5"],"derived":{"costs":{"fees_bps":3.5,"slippage_bps_est":1.5,"cost_bps":8,"cost_ok":true},"edge":{"expected_move_bps":109,"edge_bps":101,"edge_ok":true},"triggers":{"direction_m15":1,"direction_h1":1,"trend_aligned":true,"momentum_ok_long":false,"momentum_ok_short":false,"mr_ok_long":false,"mr_ok_short":false,"breakout_ok":false},"liquidity":{"min_depth_usd":43995.42667,"depth_ok":true,"tradeable":true},"normalized":{"ret_sigma_5m_vs_1h":1.4059083301103434,"vol_ratio_5m_vs_1h":0.717931340925823}}},"ETH-PERP":{"symbol":"ETH-PERP","price":3021.6,"spread_bps":3.3096144299189145,"orderbook":{"book_pressure":0.1,"bid_liquidity_usd":74119.48371,"ask_liquidity_usd":60783.29733},"returns":{"m5":0.0006292015763155582,"m15":-0.0003639130578621461,"h1":0.005390297464563725},"vol_zscores":{"vol_5m_vs_1h":0.8093818155749337,"ret_5m_vs_1h":1.0692343368298889},"funding":{"current_8h":0.0000125},"open_interest":{"current":1086292.3944},"sentiment":{"score":0,"mentionsVsBaseline":1,"disagreement":0,"change2h":-0.3142857142857143},"regime_tags":[],"derived":{"costs":{"fees_bps":3.5,"slippage_bps_est":1.7,"cost_bps":8.5,"cost_ok":true},"edge":{"expected_move_bps":53.9,"edge_bps":45.4,"edge_ok":true},"triggers":{"direction_m15":-1,"direction_h1":1,"trend_aligned":true,"momentum_ok_long":true,"momentum_ok_short":false,"mr_ok_long":false,"mr_ok_short":false,"breakout_ok":false},"liquidity":{"min_depth_usd":60783.29733,"depth_ok":true,"tradeable":true},"normalized":{"ret_sigma_5m_vs_1h":1.0692343368298889,"vol_ratio_5m_vs_1h":0.8093818155749337}}},"OP-PERP":{"symbol":"OP-PERP","price":0.34182,"spread_bps":3.5100035100037728,"orderbook":{"book_pressure":0,"bid_liquidity_usd":49839.651865,"ask_liquidity_usd":49962.951327},"returns":{"m5":0.0010836139991215023,"m15":0.00216957898440254,"h1":0.013550778354336601},"vol_zscores":{"vol_5m_vs_1h":0.6168765042945319,"ret_5m_vs_1h":0.7593649717847284},"funding":{"current_8h":0.0000125},"open_interest":{"current":25732.277964},"sentiment":{"score":0,"mentionsVsBaseline":0,"disagreement":0,"change2h":0},"regime_tags":["overbought_m5","bb_expansion"],"derived":{"costs":{"fees_bps":3.5,"slippage_bps_est":1.8,"cost_bps":8.8,"cost_ok":true},"edge":{"expected_move_bps":135.5,"edge_bps":126.7,"edge_ok":true},"triggers":{"direction_m15":1,"direction_h1":1,"trend_aligned":true,"momentum_ok_long":false,"momentum_ok_short":false,"mr_ok_long":false,"mr_ok_short":false,"breakout_ok":false},"liquidity":{"min_depth_usd":49839.651865,"depth_ok":true,"tradeable":true},"normalized":{"ret_sigma_5m_vs_1h":0.7593649717847284,"vol_ratio_5m_vs_1h":0.6168765042945319}}},"SOL-PERP":{"symbol":"SOL-PERP","price":142.23,"spread_bps":6.326222190981859,"orderbook":{"book_pressure":0.18,"bid_liquidity_usd":52373.18590000001,"ask_liquidity_usd":36213.559199999996},"returns":{"m5":0.0008444162972343686,"m15":-0.000421674045962487,"h1":0.00014063708599945017},"vol_zscores":{"vol_5m_vs_1h":0.7470752300046408,"ret_5m_vs_1h":1.2048506848857654},"funding":{"current_8h":0.0000243326},"open_interest":{"current":661551.5543999999},"sentiment":{"score":0,"mentionsVsBaseline":0.8,"disagreement":0,"change2h":0.05714285714285715},"regime_tags":[],"derived":{"costs":{"fees_bps":3.5,"slippage_bps_est":3.2,"cost_bps":13,"cost_ok":true},"edge":{"expected_move_bps":4.2,"edge_bps":-8.8,"edge_ok":false},"triggers":{"direction_m15":-1,"direction_h1":1,"trend_aligned":true,"momentum_ok_long":true,"momentum_ok_short":false,"mr_ok_long":false,"mr_ok_short":false,"breakout_ok":false},"liquidity":{"min_depth_usd":36213.559199999996,"depth_ok":true,"tradeable":true},"normalized":{"ret_sigma_5m_vs_1h":1.2048506848857654,"vol_ratio_5m_vs_1h":0.7470752300046408}}},"JUP-PERP":{"symbol":"JUP-PERP","price":0.25835,"spread_bps":5.031641282682214,"orderbook":{"book_pressure":-0.02,"bid_liquidity_usd":41320.1558,"ask_liquidity_usd":43289.416730000004},"returns":{"m5":0.0007747433662600562,"m15":-0.000773544768903415,"h1":0.007448136016222207},"vol_zscores":{"vol_5m_vs_1h":0.3733855210171662,"ret_5m_vs_1h":0.7686764903851544},"funding":{"current_8h":-0.0000244161},"open_interest":{"current":40392.50580000001},"sentiment":{"score":-0.6,"mentionsVsBaseline":0.4,"disagreement":0.5714285714285715,"change2h":0.4},"regime_tags":["low_vol_compression"],"derived":{"costs":{"fees_bps":3.5,"slippage_bps_est":2.5,"cost_bps":11,"cost_ok":true},"edge":{"expected_move_bps":74.5,"edge_bps":63.4,"edge_ok":true},"triggers":{"direction_m15":-1,"direction_h1":1,"trend_aligned":true,"momentum_ok_long":false,"momentum_ok_short":false,"mr_ok_long":false,"mr_ok_short":false,"breakout_ok":false},"liquidity":{"min_depth_usd":41320.1558,"depth_ok":true,"tradeable":true},"normalized":{"ret_sigma_5m_vs_1h":0.7686764903851544,"vol_ratio_5m_vs_1h":0.3733855210171662}}},"PUMP-PERP":{"symbol":"PUMP-PERP","price":0.003035,"spread_bps":29.678483099753755,"orderbook":{"book_pressure":0.11,"bid_liquidity_usd":22125.005052,"ask_liquidity_usd":17739.920195},"returns":{"m5":0.00463422707712682,"m15":0.005632869449966895,"h1":0.022574123989218254},"vol_zscores":{"vol_5m_vs_1h":0.6140554416567912,"ret_5m_vs_1h":1.826924920272289},"funding":{"current_8h":0.0000125},"open_interest":{"current":136416.16631},"sentiment":{"score":-0.4,"mentionsVsBaseline":0.4,"disagreement":0.8571428571428573,"change2h":0.6},"regime_tags":["overbought_m5","bb_expansion"],"derived":{"costs":{"fees_bps":3.5,"slippage_bps_est":14.8,"cost_bps":48,"cost_ok":false},"edge":{"expected_move_bps":225.7,"edge_bps":177.7,"edge_ok":false},"triggers":{"direction_m15":1,"direction_h1":1,"trend_aligned":true,"momentum_ok_long":true,"momentum_ok_short":false,"mr_ok_long":false,"mr_ok_short":false,"breakout_ok":false},"liquidity":{"min_depth_usd":17739.920195,"depth_ok":true,"tradeable":false},"normalized":{"ret_sigma_5m_vs_1h":1.826924920272289,"vol_ratio_5m_vs_1h":0.6140554416567912}}}},"constraints":{"max_position_pct_equity_per_symbol":0.2,"max_total_exposure_pct_equity":0.35,"min_trade_notional_usd":10,"kill_switch":false,"no_flip_same_tick":true},"allowed_actions":["OPEN_POSITION","INCREASE_POSITION","REDUCE_POSITION","CLOSE_POSITION","HOLD_POSITION"],"meta":{"note":"Generated by SnapshotBuilder with Screener","fallback_markets":[],"missing_markets":[],"duplicate_markets":[]},"global_regime":{"current":"CHOP","score":0.3,"reason":"Mixed signals or low volatility"}}

CURRENT POSITIONS (JSON):
[
  {
    "symbol": "SOL-PERP",
    "side": "short",
    "size_usd": 14.249000000000002,
    "size_coin": 0.1,
    "fraction_of_equity": 0.015622387195074432,
    "entry_price": 142.49,
    "unrealized_pnl": 0.026,
    "leverage": 10
  },
  {
    "symbol": "PUMP-PERP",
    "side": "long",
    "size_usd": 72.620982,
    "size_coin": 25059,
    "fraction_of_equity": 0.07962054174261567,
    "entry_price": 0.002898,
    "unrealized_pnl": 3.408024,
    "leverage": 10
  }
]

Response:
```json
{
  "decisions": [
    {
      "action": "CLOSE_POSITION",
      "symbol": "SOL-PERP",
      "target_side": "flat",
      "target_size_fraction_of_equity": 0,
      "playbook": "N/A",
      "risk_plan": {
        "stop_loss_pct": 0,
        "take_profit_pct_primary": 0
      },
      "confidence": 0.8,
      "reason_code": "edge_broken_chop_regime",
      "notes": "Global CHOP regime. SOL edge_ok is false (edge_bps: -8.8), violating defensive mode rules. Must close position.",
      "audit": {
        "edge_ok": false,
        "edge_bps": -8.8,
        "expected_move_bps": 4.2,
        "cost_bps": 13,
        "global_regime": "CHOP"
      }
    },
    {
      "action": "CLOSE_POSITION",
      "symbol": "PUMP-PERP",
      "target_side": "flat",
      "target_size_fraction_of_equity": 0,
      "playbook": "N/A",
      "risk_plan": {
        "stop_loss_pct": 0,
        "take_profit_pct_primary": 0
      },
      "confidence": 0.9,
      "reason_code": "multiple_violations_chop",
      "notes": "Global CHOP regime. PUMP has cost_ok false (48bps), tradeable false, and edge_ok false. Multiple violations - must close immediately.",
      "audit": {
        "cost_ok": false,
        "cost_bps": 48,
        "tradeable": false,
        "edge_ok": false,
        "global_regime": "CHOP"
      }
    }
  ]
}
```
-----------------------------------


--- 2025-11-27T16:40:11.945Z ---
Prompt:
MARKET SNAPSHOT:
{"timestamp":1764261594,"account":{"equity_usd":912.05946,"daily_realized_pnl":0,"max_daily_loss":500,"current_positions":[{"symbol":"SOL-PERP","side":"short","size_usd":14.249000000000002,"size_coin":0.1,"fraction_of_equity":0.015622884937786845,"entry_price":142.49,"unrealized_pnl":0.022,"leverage":10},{"symbol":"PUMP-PERP","side":"long","size_usd":72.620982,"size_coin":25059,"fraction_of_equity":0.07962307852165691,"entry_price":0.002898,"unrealized_pnl":3.382965,"leverage":10}],"derived_portfolio":{"total_exposure_fraction":0.0952,"remaining_capacity":0.2548,"position_slots_used":2,"slots_remaining":3}},"markets":{"OP-PERP":{"symbol":"OP-PERP","price":0.34281,"spread_bps":3.4998687549219523,"orderbook":{"book_pressure":0.14,"bid_liquidity_usd":65598.768726,"ask_liquidity_usd":49062.042908999996},"returns":{"m5":0.00519000703729766,"m15":0.006961579132886803,"h1":0.01669731300788903},"vol_zscores":{"vol_5m_vs_1h":0.29190211918197606,"ret_5m_vs_1h":3.6078653203005318},"funding":{"current_8h":0.0000125},"open_interest":{"current":25806.805362},"sentiment":{"score":0,"mentionsVsBaseline":0,"disagreement":0,"change2h":0},"regime_tags":["low_vol_compression","fast_move_up","overbought_m5","bb_expansion"],"derived":{"costs":{"fees_bps":3.5,"slippage_bps_est":1.7,"cost_bps":8.7,"cost_ok":true},"edge":{"expected_move_bps":167,"edge_bps":158.2,"edge_ok":true},"triggers":{"direction_m15":1,"direction_h1":1,"trend_aligned":true,"momentum_ok_long":false,"momentum_ok_short":false,"mr_ok_long":false,"mr_ok_short":false,"breakout_ok":false},"liquidity":{"min_depth_usd":49062.042908999996,"depth_ok":true,"tradeable":true},"normalized":{"ret_sigma_5m_vs_1h":3.6078653203005318,"vol_ratio_5m_vs_1h":0.29190211918197606}}},"ADA-PERP":{"symbol":"ADA-PERP","price":0.43605,"spread_bps":3.211230130512959,"orderbook":{"book_pressure":0.14,"bid_liquidity_usd":68544.23241,"ask_liquidity_usd":51268.30704},"returns":{"m5":0.0020221982213847276,"m15":0.00449205252246028,"h1":0.01291551487839441},"vol_zscores":{"vol_5m_vs_1h":0.7502764171852164,"ret_5m_vs_1h":2.1095977052815957},"funding":{"current_8h":0.0000125},"open_interest":{"current":53648.9757},"sentiment":{"score":0,"mentionsVsBaseline":0,"disagreement":0,"change2h":0},"regime_tags":["fast_move_up","overbought_m5"],"derived":{"costs":{"fees_bps":3.5,"slippage_bps_est":1.6,"cost_bps":8.3,"cost_ok":true},"edge":{"expected_move_bps":129.2,"edge_bps":120.8,"edge_ok":true},"triggers":{"direction_m15":1,"direction_h1":1,"trend_aligned":true,"momentum_ok_long":true,"momentum_ok_short":false,"mr_ok_long":false,"mr_ok_short":false,"breakout_ok":false},"liquidity":{"min_depth_usd":51268.30704,"depth_ok":true,"tradeable":true},"normalized":{"ret_sigma_5m_vs_1h":2.1095977052815957,"vol_ratio_5m_vs_1h":0.7502764171852164}}},"SOL-PERP":{"symbol":"SOL-PERP","price":142.29,"spread_bps":7.026913077086833,"orderbook":{"book_pressure":0.23,"bid_liquidity_usd":53896.5159,"ask_liquidity_usd":33868.16070000001},"returns":{"m5":0.0014780405405403964,"m15":0.0019716921343567438,"h1":0.0006329113924050874},"vol_zscores":{"vol_5m_vs_1h":0.7000058587911641,"ret_5m_vs_1h":2.1029983068162594},"funding":{"current_8h":0.0000235824},"open_interest":{"current":661830.6312},"sentiment":{"score":0,"mentionsVsBaseline":0.8,"disagreement":0,"change2h":0.05714285714285715},"regime_tags":["fast_move_up"],"derived":{"costs":{"fees_bps":3.5,"slippage_bps_est":3.5,"cost_bps":14,"cost_ok":true},"edge":{"expected_move_bps":19.7,"edge_bps":5.7,"edge_ok":false},"triggers":{"direction_m15":1,"direction_h1":1,"trend_aligned":true,"momentum_ok_long":true,"momentum_ok_short":false,"mr_ok_long":false,"mr_ok_short":false,"breakout_ok":false},"liquidity":{"min_depth_usd":33868.16070000001,"depth_ok":true,"tradeable":true},"normalized":{"ret_sigma_5m_vs_1h":2.1029983068162594,"vol_ratio_5m_vs_1h":0.7000058587911641}}},"JUP-PERP":{"symbol":"JUP-PERP","price":0.25844,"spread_bps":5.031446540881238,"orderbook":{"book_pressure":0.03,"bid_liquidity_usd":46040.52865,"ask_liquidity_usd":43139.15195000001},"returns":{"m5":0.001511335012594464,"m15":0.001511335012594464,"h1":0.008940074175287973},"vol_zscores":{"vol_5m_vs_1h":0.3336538817068012,"ret_5m_vs_1h":1.5164097791181583},"funding":{"current_8h":-0.0000256507},"open_interest":{"current":40406.57712},"sentiment":{"score":-0.6,"mentionsVsBaseline":0.4,"disagreement":0.5714285714285715,"change2h":0.4},"regime_tags":["low_vol_compression"],"derived":{"costs":{"fees_bps":3.5,"slippage_bps_est":2.5,"cost_bps":11,"cost_ok":true},"edge":{"expected_move_bps":89.4,"edge_bps":78.4,"edge_ok":true},"triggers":{"direction_m15":1,"direction_h1":1,"trend_aligned":true,"momentum_ok_long":false,"momentum_ok_short":false,"mr_ok_long":false,"mr_ok_short":false,"breakout_ok":false},"liquidity":{"min_depth_usd":43139.15195000001,"depth_ok":true,"tradeable":true},"normalized":{"ret_sigma_5m_vs_1h":1.5164097791181583,"vol_ratio_5m_vs_1h":0.3336538817068012}}},"PUMP-PERP":{"symbol":"PUMP-PERP","price":0.003037,"spread_bps":29.668699522003937,"orderbook":{"book_pressure":0.05,"bid_liquidity_usd":22177.916590999997,"ask_liquidity_usd":20124.730693999998},"returns":{"m5":0.006962864721485472,"m15":0.008970099667774125,"h1":0.02428330522765599},"vol_zscores":{"vol_5m_vs_1h":0.4391250461470772,"ret_5m_vs_1h":2.7454417077439586},"funding":{"current_8h":0.0000125},"open_interest":{"current":136506.061642},"sentiment":{"score":-0.4,"mentionsVsBaseline":0.4,"disagreement":0.8571428571428573,"change2h":0.6},"regime_tags":["low_vol_compression","fast_move_up","overbought_m5","bb_expansion"],"derived":{"costs":{"fees_bps":3.5,"slippage_bps_est":14.8,"cost_bps":48,"cost_ok":true},"edge":{"expected_move_bps":242.8,"edge_bps":194.8,"edge_ok":true},"triggers":{"direction_m15":1,"direction_h1":1,"trend_aligned":true,"momentum_ok_long":false,"momentum_ok_short":false,"mr_ok_long":false,"mr_ok_short":false,"breakout_ok":false},"liquidity":{"min_depth_usd":20124.730693999998,"depth_ok":true,"tradeable":true},"normalized":{"ret_sigma_5m_vs_1h":2.7454417077439586,"vol_ratio_5m_vs_1h":0.4391250461470772}}}},"constraints":{"max_position_pct_equity_per_symbol":0.2,"max_total_exposure_pct_equity":0.35,"min_trade_notional_usd":10,"kill_switch":false,"no_flip_same_tick":true},"allowed_actions":["OPEN_POSITION","INCREASE_POSITION","REDUCE_POSITION","CLOSE_POSITION","HOLD_POSITION"],"meta":{"note":"Generated by SnapshotBuilder with Screener","fallback_markets":[],"missing_markets":[],"duplicate_markets":[]},"global_regime":{"current":"CHOP","score":0.5,"reason":"Mixed signals or low volatility"}}

CURRENT POSITIONS (JSON):
[
  {
    "symbol": "SOL-PERP",
    "side": "short",
    "size_usd": 14.249000000000002,
    "size_coin": 0.1,
    "fraction_of_equity": 0.015622884937786845,
    "entry_price": 142.49,
    "unrealized_pnl": 0.022,
    "leverage": 10
  },
  {
    "symbol": "PUMP-PERP",
    "side": "long",
    "size_usd": 72.620982,
    "size_coin": 25059,
    "fraction_of_equity": 0.07962307852165691,
    "entry_price": 0.002898,
    "unrealized_pnl": 3.382965,
    "leverage": 10
  }
]

Response:
```json
{
  "decisions": [
    {
      "action": "CLOSE_POSITION",
      "symbol": "SOL-PERP",
      "target_side": "flat",
      "target_size_fraction_of_equity": 0,
      "playbook": "N/A",
      "risk_plan": {
        "stop_loss_pct": 0,
        "take_profit_pct_primary": 0
      },
      "confidence": 0.8,
      "reason_code": "edge_gate_failed_chop_regime",
      "notes": "CHOP regime requires strict edge discipline. SOL-PERP edge_ok is false (edge_bps: 5.7 vs cost_bps: 14). Cannot hold positions without edge in defensive mode.",
      "audit": {
        "cost_bps": 14,
        "expected_move_bps": 19.7,
        "edge_bps": 5.7,
        "book_pressure": 0.23,
        "vol_ratio_5m_vs_1h": 0.7000058587911641,
        "ret_sigma_5m_vs_1h": 2.1029983068162594
      }
    },
    {
      "action": "HOLD_POSITION",
      "symbol": "PUMP-PERP",
      "target_side": "long",
      "target_size_fraction_of_equity": 0.07962307852165691,
      "playbook": "N/A",
      "risk_plan": {
        "stop_loss_pct": 0.08,
        "take_profit_pct_primary": 0.15
      },
      "confidence": 0.7,
      "reason_code": "existing_position_with_edge",
      "notes": "PUMP-PERP maintains edge_ok true (edge_bps: 194.8 vs cost_bps: 48) and shows strong expected move. In CHOP regime, holding profitable position with edge.",
      "audit": {
        "cost_bps": 48,
        "expected_move_bps": 242.8,
        "edge_bps": 194.8,
        "book_pressure": 0.05,
        "vol_ratio_5m_vs_1h": 0.4391250461470772,
        "ret_sigma_5m_vs_1h": 2.7454417077439586
      }
    },
    {
      "action": "OPEN_POSITION",
      "symbol": "ADA-PERP",
      "target_side": "long",
      "target_size_fraction_of_equity": 0.08,
      "playbook": "Momentum Continuation",
      "risk_plan": {
        "stop_loss_pct": 0.015,
        "take_profit_pct_primary": 0.04
      },
      "confidence": 0.75,
      "reason_code": "momentum_aligned_with_edge",
      "notes": "CHOP regime defensive sizing. ADA shows momentum_ok_long true with good edge (120.8 bps vs 8.3 cost). Trend aligned, acceptable vol ratio.",
      "audit": {
        "cost_bps": 8.3,
        "expected_move_bps": 129.2,
        "edge_bps": 120.8,
        "book_pressure": 0.14,
        "vol_ratio_5m_vs_1h": 0.7502764171852164,
        "ret_sigma_5m_vs_1h": 2.1095977052815957
      }
    }
  ]
}
```
-----------------------------------


--- 2025-11-27T16:44:06.221Z ---
Prompt:
MARKET SNAPSHOT:
{"timestamp":1764261821,"account":{"equity_usd":911.767112,"daily_realized_pnl":0,"max_daily_loss":500,"current_positions":[{"symbol":"SOL-PERP","side":"short","size_usd":14.249000000000002,"size_coin":0.1,"fraction_of_equity":0.01562789424236219,"entry_price":142.49,"unrealized_pnl":0.033,"leverage":10},{"symbol":"ADA-PERP","side":"long","size_usd":72.76691,"size_coin":167,"fraction_of_equity":0.07980865841978296,"entry_price":0.43573,"unrealized_pnl":-0.09519,"leverage":10},{"symbol":"PUMP-PERP","side":"long","size_usd":72.620982,"size_coin":25059,"fraction_of_equity":0.07964860877763268,"entry_price":0.002898,"unrealized_pnl":3.207552,"leverage":10}],"derived_portfolio":{"total_exposure_fraction":0.1751,"remaining_capacity":0.3749,"position_slots_used":3,"slots_remaining":2}},"markets":{"RESOLV-PERP":{"symbol":"RESOLV-PERP","price":0.090115,"spread_bps":2.4441457155245607,"orderbook":{"book_pressure":0.09,"bid_liquidity_usd":39401.025294,"ask_liquidity_usd":32994.311370999996},"returns":{"m5":0.008291001857363502,"m15":0.0045033496449710915,"h1":0.011028586815060783},"vol_zscores":{"vol_5m_vs_1h":0.3557455413338655,"ret_5m_vs_1h":2.9183292970068493},"funding":{"current_8h":-0.0026187418},"open_interest":{"current":36228.57299},"sentiment":{"score":0,"mentionsVsBaseline":0,"disagreement":0,"change2h":0},"regime_tags":["low_vol_compression","fast_move_up"],"derived":{"costs":{"fees_bps":3.5,"slippage_bps_est":1.2,"cost_bps":7.2,"cost_ok":true},"edge":{"expected_move_bps":110.3,"edge_bps":103.1,"edge_ok":true},"triggers":{"direction_m15":1,"direction_h1":1,"trend_aligned":true,"momentum_ok_long":false,"momentum_ok_short":false,"mr_ok_long":false,"mr_ok_short":false,"breakout_ok":false},"liquidity":{"min_depth_usd":32994.311370999996,"depth_ok":true,"tradeable":true},"normalized":{"ret_sigma_5m_vs_1h":2.9183292970068493,"vol_ratio_5m_vs_1h":0.3557455413338655}}},"ADA-PERP":{"symbol":"ADA-PERP","price":0.43499,"spread_bps":3.21728139721874,"orderbook":{"book_pressure":0,"bid_liquidity_usd":51592.51619,"ask_liquidity_usd":51663.226220000004},"returns":{"m5":-0.0017441193344808683,"m15":0.0028356694946514408,"h1":0.01017161700842989},"vol_zscores":{"vol_5m_vs_1h":0.963447124498391,"ret_5m_vs_1h":-1.736945039251385},"funding":{"current_8h":0.0000125},"open_interest":{"current":54264.13252},"sentiment":{"score":0,"mentionsVsBaseline":0,"disagreement":0,"change2h":0},"regime_tags":["bb_expansion"],"derived":{"costs":{"fees_bps":3.5,"slippage_bps_est":1.6,"cost_bps":8.3,"cost_ok":true},"edge":{"expected_move_bps":101.7,"edge_bps":93.4,"edge_ok":true},"triggers":{"direction_m15":1,"direction_h1":1,"trend_aligned":true,"momentum_ok_long":false,"momentum_ok_short":false,"mr_ok_long":false,"mr_ok_short":false,"breakout_ok":false},"liquidity":{"min_depth_usd":51592.51619,"depth_ok":true,"tradeable":true},"normalized":{"ret_sigma_5m_vs_1h":-1.736945039251385,"vol_ratio_5m_vs_1h":0.963447124498391}}},"ETH-PERP":{"symbol":"ETH-PERP","price":3019.8,"spread_bps":3.3103813559322033,"orderbook":{"book_pressure":0.13,"bid_liquidity_usd":97279.28562999998,"ask_liquidity_usd":75416.61558},"returns":{"m5":-0.0004964750273061265,"m15":0.0010607969236890117,"h1":0.005895872888977807},"vol_zscores":{"vol_5m_vs_1h":1.2299848891416516,"ret_5m_vs_1h":-0.805049204433665},"funding":{"current_8h":0.0000125},"open_interest":{"current":1085665.81284},"sentiment":{"score":0,"mentionsVsBaseline":1,"disagreement":0,"change2h":-0.3142857142857143},"regime_tags":[],"derived":{"costs":{"fees_bps":3.5,"slippage_bps_est":1.7,"cost_bps":8.5,"cost_ok":true},"edge":{"expected_move_bps":59,"edge_bps":50.5,"edge_ok":true},"triggers":{"direction_m15":1,"direction_h1":1,"trend_aligned":true,"momentum_ok_long":true,"momentum_ok_short":false,"mr_ok_long":false,"mr_ok_short":false,"breakout_ok":false},"liquidity":{"min_depth_usd":75416.61558,"depth_ok":true,"tradeable":true},"normalized":{"ret_sigma_5m_vs_1h":-0.805049204433665,"vol_ratio_5m_vs_1h":1.2299848891416516}}},"SOL-PERP":{"symbol":"SOL-PERP","price":142.11,"spread_bps":2.8133352088895793,"orderbook":{"book_pressure":0.26,"bid_liquidity_usd":62780.3883,"ask_liquidity_usd":36690.785299999996},"returns":{"m5":-0.0008437038599449914,"m15":0.002256858734748724,"h1":0.00007037297677705367},"vol_zscores":{"vol_5m_vs_1h":0.9887901865717862,"ret_5m_vs_1h":-1.170603108456098},"funding":{"current_8h":0.0000249181},"open_interest":{"current":662133.1230000001},"sentiment":{"score":0,"mentionsVsBaseline":0.8,"disagreement":0,"change2h":0.05714285714285715},"regime_tags":[],"derived":{"costs":{"fees_bps":3.5,"slippage_bps_est":1.4,"cost_bps":7.7,"cost_ok":true},"edge":{"expected_move_bps":22.6,"edge_bps":14.8,"edge_ok":false},"triggers":{"direction_m15":1,"direction_h1":1,"trend_aligned":true,"momentum_ok_long":true,"momentum_ok_short":false,"mr_ok_long":false,"mr_ok_short":false,"breakout_ok":false},"liquidity":{"min_depth_usd":36690.785299999996,"depth_ok":true,"tradeable":true},"normalized":{"ret_sigma_5m_vs_1h":-1.170603108456098,"vol_ratio_5m_vs_1h":0.9887901865717862}}},"OP-PERP":{"symbol":"OP-PERP","price":0.3421,"spread_bps":3.5050823694359443,"orderbook":{"book_pressure":-0.06,"bid_liquidity_usd":47192.058006,"ask_liquidity_usd":53655.78776199999},"returns":{"m5":-0.0006718663278123681,"m15":0.0039618488628026935,"h1":0.012190070418367989},"vol_zscores":{"vol_5m_vs_1h":0.9278341293908852,"ret_5m_vs_1h":-0.455707733113516},"funding":{"current_8h":0.0000125},"open_interest":{"current":25753.35642},"sentiment":{"score":0,"mentionsVsBaseline":0,"disagreement":0,"change2h":0},"regime_tags":["overbought_m5","bb_expansion"],"derived":{"costs":{"fees_bps":3.5,"slippage_bps_est":1.8,"cost_bps":8.8,"cost_ok":true},"edge":{"expected_move_bps":121.9,"edge_bps":113.1,"edge_ok":true},"triggers":{"direction_m15":1,"direction_h1":1,"trend_aligned":true,"momentum_ok_long":false,"momentum_ok_short":false,"mr_ok_long":false,"mr_ok_short":false,"breakout_ok":false},"liquidity":{"min_depth_usd":47192.058006,"depth_ok":true,"tradeable":true},"normalized":{"ret_sigma_5m_vs_1h":-0.455707733113516,"vol_ratio_5m_vs_1h":0.9278341293908852}}},"JUP-PERP":{"symbol":"JUP-PERP","price":0.25811,"spread_bps":4.645041418286327,"orderbook":{"book_pressure":-0.02,"bid_liquidity_usd":42856.96062,"ask_liquidity_usd":44246.03588},"returns":{"m5":-0.0007355787843591482,"m15":0.00178536774694359,"h1":0.00729784576959094},"vol_zscores":{"vol_5m_vs_1h":0.7443393756941215,"ret_5m_vs_1h":-0.7246033284963461},"funding":{"current_8h":-0.0000286888},"open_interest":{"current":40354.98228},"sentiment":{"score":-0.6,"mentionsVsBaseline":0.4,"disagreement":0.5714285714285715,"change2h":0.4},"regime_tags":[],"derived":{"costs":{"fees_bps":3.5,"slippage_bps_est":2.3,"cost_bps":10.5,"cost_ok":true},"edge":{"expected_move_bps":73,"edge_bps":62.5,"edge_ok":true},"triggers":{"direction_m15":1,"direction_h1":1,"trend_aligned":true,"momentum_ok_long":false,"momentum_ok_short":false,"mr_ok_long":false,"mr_ok_short":false,"breakout_ok":false},"liquidity":{"min_depth_usd":42856.96062,"depth_ok":true,"tradeable":true},"normalized":{"ret_sigma_5m_vs_1h":-0.7246033284963461,"vol_ratio_5m_vs_1h":0.7443393756941215}}},"PUMP-PERP":{"symbol":"PUMP-PERP","price":0.003023,"spread_bps":16.52073352056764,"orderbook":{"book_pressure":0.08,"bid_liquidity_usd":35276.696143,"ask_liquidity_usd":30092.325227},"returns":{"m5":-0.005264889766370502,"m15":0.006995336442371814,"h1":0.020938872002701784},"vol_zscores":{"vol_5m_vs_1h":0.6564284080087102,"ret_5m_vs_1h":-2.030400080123638},"funding":{"current_8h":0.0000125},"open_interest":{"current":135876.794318},"sentiment":{"score":-0.4,"mentionsVsBaseline":0.4,"disagreement":0.8571428571428573,"change2h":0.6},"regime_tags":["fast_move_down","bb_expansion"],"derived":{"costs":{"fees_bps":3.5,"slippage_bps_est":8.3,"cost_bps":28.3,"cost_ok":true},"edge":{"expected_move_bps":209.4,"edge_bps":181.1,"edge_ok":true},"triggers":{"direction_m15":1,"direction_h1":1,"trend_aligned":true,"momentum_ok_long":true,"momentum_ok_short":false,"mr_ok_long":true,"mr_ok_short":false,"breakout_ok":false},"liquidity":{"min_depth_usd":30092.325227,"depth_ok":true,"tradeable":true},"normalized":{"ret_sigma_5m_vs_1h":-2.030400080123638,"vol_ratio_5m_vs_1h":0.6564284080087102}}}},"constraints":{"max_position_pct_equity_per_symbol":0.2,"max_total_exposure_pct_equity":0.55,"min_trade_notional_usd":10,"kill_switch":false,"no_flip_same_tick":true},"allowed_actions":["OPEN_POSITION","INCREASE_POSITION","REDUCE_POSITION","CLOSE_POSITION","HOLD_POSITION"],"meta":{"note":"Generated by SnapshotBuilder with Screener","fallback_markets":[],"missing_markets":[],"duplicate_markets":[]},"global_regime":{"current":"RISK_ON","score":0.6666666666666666,"reason":"Low volatility but strong directional breadth"}}

CURRENT POSITIONS (JSON):
[
  {
    "symbol": "SOL-PERP",
    "side": "short",
    "size_usd": 14.249000000000002,
    "size_coin": 0.1,
    "fraction_of_equity": 0.01562789424236219,
    "entry_price": 142.49,
    "unrealized_pnl": 0.033,
    "leverage": 10
  },
  {
    "symbol": "ADA-PERP",
    "side": "long",
    "size_usd": 72.76691,
    "size_coin": 167,
    "fraction_of_equity": 0.07980865841978296,
    "entry_price": 0.43573,
    "unrealized_pnl": -0.09519,
    "leverage": 10
  },
  {
    "symbol": "PUMP-PERP",
    "side": "long",
    "size_usd": 72.620982,
    "size_coin": 25059,
    "fraction_of_equity": 0.07964860877763268,
    "entry_price": 0.002898,
    "unrealized_pnl": 3.207552,
    "leverage": 10
  }
]

Response:
{
  "decisions": [
    {
      "action": "CLOSE_POSITION",
      "symbol": "SOL-PERP",
      "target_side": "flat",
      "target_size_fraction_of_equity": 0,
      "playbook": "N/A",
      "risk_plan": {
        "stop_loss_pct": 0,
        "take_profit_pct_primary": 0
      },
      "confidence": 0.8,
      "reason_code": "edge_gone",
      "notes": "Global RISK_ON but SOL edge_ok is false. Short position no longer justified. Close to protect capital.",
      "audit": {
        "edge_ok": false,
        "expected_move_bps": 22.6,
        "edge_bps": 14.8,
        "cost_bps": 7.7
      }
    },
    {
      "action": "HOLD_POSITION",
      "symbol": "ADA-PERP",
      "target_side": "long",
      "target_size_fraction_of_equity": 0.0798,
      "playbook": "N/A",
      "risk_plan": {
        "stop_loss_pct": 0.03,
        "take_profit_pct_primary": 0.06
      },
      "confidence": 0.7,
      "reason_code": "thesis_intact",
      "notes": "ADA maintains edge_ok true. No triggers currently active but trend aligned in RISK_ON regime. Hold with tight stop.",
      "audit": {
        "edge_ok": true,
        "expected_move_bps": 101.7,
        "edge_bps": 93.4,
        "cost_bps": 8.3,
        "book_pressure": 0,
        "vol_ratio_5m_vs_1h": 0.963
      }
    },
    {
      "action": "HOLD_POSITION",
      "symbol": "PUMP-PERP",
      "target_side": "long",
      "target_size_fraction_of_1h": 0.0796,
      "playbook": "N/A",
      "risk_plan": {
        "stop_loss_pct": 0.04,
        "take_profit_pct_primary": 0.12
      },
      "confidence": 0.75,
      "reason_code": "momentum_hold",
      "notes": "PUMP has strong edge and momentum_ok_long true. In profit, hold for continuation in RISK_ON.",
      "audit": {
        "edge_ok": true,
        "expected_move_bps": 209.4,
        "edge_bps": 181.1,
        "cost_bps": 28.3,
        "momentum_ok_long": true,
        "book_pressure": 0.08,
        "vol_ratio_5m_vs_1h": 0.656
      }
    },
    {
      "action": "OPEN_POSITION",
      "symbol": "ETH-PERP",
      "target_side": "long",
      "target_size_fraction_of_equity": 0.15,
      "playbook": "Momentum Continuation",
      "risk_plan": {
        "stop_loss_pct": 0.02,
        "take_profit_pct_primary": 0.06
      },
      "confidence": 0.8,
      "reason_code": "momentum_continuation",
      "notes": "RISK_ON regime, ETH has momentum_ok_long true with good edge. Strong book pressure confirms bias.",
      "audit": {
        "cost_bps": 8.5,
        "expected_move_bps": 59.0,
        "edge_bps": 50.5,
        "book_pressure": 0.13,
        "vol_ratio_5m_vs_1h": 1.23,
        "ret_sigma_5m_vs_1h": -0.805,
        "momentum_ok_long": true
      }
    }
  ]
}
-----------------------------------


--- 2025-11-27T17:28:43.797Z ---
Prompt:
MARKET SNAPSHOT:
{"timestamp":1764264511,"account":{"equity_usd":911.067236,"daily_realized_pnl":0,"max_daily_loss":500,"current_positions":[{"symbol":"ADA-PERP","side":"long","size_usd":72.76691,"size_coin":167,"fraction_of_equity":0.07986996691866548,"entry_price":0.43573,"unrealized_pnl":-0.67301,"leverage":10},{"symbol":"PUMP-PERP","side":"long","size_usd":72.620982,"size_coin":25059,"fraction_of_equity":0.0797097943274079,"entry_price":0.002898,"unrealized_pnl":3.107316,"leverage":10}],"derived_portfolio":{"total_exposure_fraction":0.1596,"remaining_capacity":0.3904,"position_slots_used":2,"slots_remaining":3}},"markets":{"RESOLV-PERP":{"symbol":"RESOLV-PERP","price":0.090757,"spread_bps":2.419842710224729,"orderbook":{"book_pressure":-0.07,"bid_liquidity_usd":36262.024089,"ask_liquidity_usd":41424.901722999995},"returns":{"m5":-0.002462052516459502,"m15":0.00047401724099919936,"h1":0.011659662694652888},"vol_zscores":{"vol_5m_vs_1h":0.7258419818497952,"ret_5m_vs_1h":-0.8431226856469962},"funding":{"current_8h":-0.003245833},"open_interest":{"current":36486.673682},"sentiment":{"score":0,"mentionsVsBaseline":0,"disagreement":0,"change2h":0},"regime_tags":["bb_expansion"],"derived":{"costs":{"fees_bps":3.5,"slippage_bps_est":1.2,"cost_bps":7.1,"cost_ok":true},"edge":{"expected_move_bps":116.6,"edge_bps":109.5,"edge_ok":true},"triggers":{"direction_m15":1,"direction_h1":1,"trend_aligned":true,"momentum_ok_long":false,"momentum_ok_short":false,"mr_ok_long":false,"mr_ok_short":false,"breakout_ok":false},"liquidity":{"min_depth_usd":36262.024089,"depth_ok":true,"tradeable":true},"normalized":{"ret_sigma_5m_vs_1h":-0.8431226856469962,"vol_ratio_5m_vs_1h":0.7258419818497952}}},"PUMP-PERP":{"symbol":"PUMP-PERP","price":0.003022,"spread_bps":9.925558312656404,"orderbook":{"book_pressure":0.18,"bid_liquidity_usd":43484.876247,"ask_liquidity_usd":29929.336967000003},"returns":{"m5":-0.0013218770654329468,"m15":0.0016572754391779238,"h1":0.00666222518321121},"vol_zscores":{"vol_5m_vs_1h":0.909921320462646,"ret_5m_vs_1h":-0.8028869607502488},"funding":{"current_8h":0.0000125},"open_interest":{"current":135831.846652},"sentiment":{"score":-1,"mentionsVsBaseline":0.2,"disagreement":0,"change2h":0},"regime_tags":["bb_expansion"],"derived":{"costs":{"fees_bps":3.5,"slippage_bps_est":5,"cost_bps":18.4,"cost_ok":true},"edge":{"expected_move_bps":66.6,"edge_bps":48.2,"edge_ok":false},"triggers":{"direction_m15":1,"direction_h1":1,"trend_aligned":true,"momentum_ok_long":true,"momentum_ok_short":false,"mr_ok_long":false,"mr_ok_short":false,"breakout_ok":false},"liquidity":{"min_depth_usd":29929.336967000003,"depth_ok":true,"tradeable":true},"normalized":{"ret_sigma_5m_vs_1h":-0.8028869607502488,"vol_ratio_5m_vs_1h":0.909921320462646}}},"ADA-PERP":{"symbol":"ADA-PERP","price":0.4318,"spread_bps":13.437746165609216,"orderbook":{"book_pressure":-0.02,"bid_liquidity_usd":43678.55229000001,"ask_liquidity_usd":45695.52842},"returns":{"m5":-0.0003241190906143758,"m15":-0.0015261527077648658,"h1":-0.004518627812615183},"vol_zscores":{"vol_5m_vs_1h":0.5774355539187258,"ret_5m_vs_1h":-0.37960278965681093},"funding":{"current_8h":0.0000125},"open_interest":{"current":53905.0484},"sentiment":{"score":0,"mentionsVsBaseline":0,"disagreement":0,"change2h":0},"regime_tags":[],"derived":{"costs":{"fees_bps":3.5,"slippage_bps_est":6.7,"cost_bps":23.7,"cost_ok":true},"edge":{"expected_move_bps":45.2,"edge_bps":21.5,"edge_ok":false},"triggers":{"direction_m15":-1,"direction_h1":-1,"trend_aligned":true,"momentum_ok_long":false,"momentum_ok_short":false,"mr_ok_long":false,"mr_ok_short":false,"breakout_ok":false},"liquidity":{"min_depth_usd":43678.55229000001,"depth_ok":true,"tradeable":true},"normalized":{"ret_sigma_5m_vs_1h":-0.37960278965681093,"vol_ratio_5m_vs_1h":0.5774355539187258}}}},"constraints":{"max_position_pct_equity_per_symbol":0.2,"max_total_exposure_pct_equity":0.55,"min_trade_notional_usd":10,"kill_switch":false,"no_flip_same_tick":true},"allowed_actions":["OPEN_POSITION","INCREASE_POSITION","REDUCE_POSITION","CLOSE_POSITION","HOLD_POSITION"],"meta":{"note":"Generated by SnapshotBuilder with Screener","fallback_markets":[],"missing_markets":[],"duplicate_markets":[]},"global_regime":{"current":"CHOP","score":0.1,"reason":"Mixed signals or low volatility"}}

CURRENT POSITIONS (JSON):
[
  {
    "symbol": "ADA-PERP",
    "side": "long",
    "size_usd": 72.76691,
    "size_coin": 167,
    "fraction_of_equity": 0.07986996691866548,
    "entry_price": 0.43573,
    "unrealized_pnl": -0.67301,
    "leverage": 10
  },
  {
    "symbol": "PUMP-PERP",
    "side": "long",
    "size_usd": 72.620982,
    "size_coin": 25059,
    "fraction_of_equity": 0.0797097943274079,
    "entry_price": 0.002898,
    "unrealized_pnl": 3.107316,
    "leverage": 10
  }
]

Response:
{
  "decisions": [
    {
      "action": "CLOSE_POSITION",
      "symbol": "ADA-PERP",
      "target_side": "flat",
      "target_size_fraction_of_equity": 0.0,
      "playbook": "N/A",
      "risk_plan": {
        "stop_loss_pct": 0.0,
        "take_profit_pct_primary": 0.0
      },
      "confidence": 0.8,
      "reason_code": "chop_regime_edge_failure",
      "notes": "Global CHOP regime - ADA has edge_ok=false and no valid triggers. Must close defensive position.",
      "audit": {
        "edge_ok": false,
        "edge_bps": 21.5,
        "cost_bps": 23.7,
        "momentum_ok_long": false,
        "mr_ok_long": false,
        "breakout_ok": false
      }
    },
    {
      "action": "CLOSE_POSITION",
      "symbol": "PUMP-PERP",
      "target_side": "flat",
      "target_size_fraction_of_equity": 0.0,
      "playbook": "N/A",
      "risk_plan": {
        "stop_loss_pct": 0.0,
        "take_profit_pct_primary": 0.0
      },
      "confidence": 0.8,
      "reason_code": "chop_regime_edge_failure",
      "notes": "Global CHOP regime - PUMP has edge_ok=false despite momentum_ok_long. Must close defensive position.",
      "audit": {
        "edge_ok": false,
        "edge_bps": 48.2,
        "cost_bps": 18.4,
        "momentum_ok_long": true,
        "mr_ok_long": false,
        "breakout_ok": false
      }
    }
  ]
}
-----------------------------------


--- 2025-11-27T19:25:51.860Z ---
Prompt:
MARKET SNAPSHOT:
{"timestamp":1764271527,"account":{"equity_usd":911.004847,"daily_realized_pnl":0,"max_daily_loss":500,"current_positions":[{"symbol":"ADA-PERP","side":"long","size_usd":72.76691,"size_coin":167,"fraction_of_equity":0.07987543671104089,"entry_price":0.43573,"unrealized_pnl":-0.05511,"leverage":10},{"symbol":"PUMP-PERP","side":"long","size_usd":72.620982,"size_coin":25059,"fraction_of_equity":0.07971525315056857,"entry_price":0.002898,"unrealized_pnl":2.430723,"leverage":10}],"derived_portfolio":{"total_exposure_fraction":0.1596,"remaining_capacity":0.3904,"position_slots_used":2,"slots_remaining":3}},"markets":{"ADA-PERP":{"symbol":"ADA-PERP","price":0.43545,"spread_bps":4.82387127154922,"orderbook":{"book_pressure":0.11,"bid_liquidity_usd":62164.231719999996,"ask_liquidity_usd":49604.29513},"returns":{"m5":-0.0015362744198844445,"m15":0.00006889899407475542,"h1":0.006006699780524411},"vol_zscores":{"vol_5m_vs_1h":0.7001273480325587,"ret_5m_vs_1h":-1.952063769235884},"funding":{"current_8h":0.0000125},"open_interest":{"current":54381.6087},"sentiment":{"score":0,"mentionsVsBaseline":0,"disagreement":0,"change2h":0},"regime_tags":["overbought_m5"],"assetIndex":45,"derived":{"costs":{"fees_bps":3.5,"slippage_bps_est":2.4,"cost_bps":10.7,"cost_ok":true},"edge":{"expected_move_bps":60.1,"edge_bps":49.3,"edge_ok":true},"triggers":{"direction_m15":1,"direction_h1":1,"trend_aligned":true,"momentum_ok_long":true,"momentum_ok_short":false,"mr_ok_long":false,"mr_ok_short":false,"breakout_ok":false},"liquidity":{"min_depth_usd":49604.29513,"depth_ok":true,"tradeable":true},"normalized":{"ret_sigma_5m_vs_1h":-1.952063769235884,"vol_ratio_5m_vs_1h":0.7001273480325587}}},"PUMP-PERP":{"symbol":"PUMP-PERP","price":0.002996,"spread_bps":6.677796327211457,"orderbook":{"book_pressure":0.15,"bid_liquidity_usd":39434.913391,"ask_liquidity_usd":29136.44149},"returns":{"m5":-0.0013333333333333658,"m15":-0.0026631158455393458,"h1":-0.001000333444481482},"vol_zscores":{"vol_5m_vs_1h":0.6160293999695676,"ret_5m_vs_1h":-1.2071725645360543},"funding":{"current_8h":0.0000125},"open_interest":{"current":134554.350672},"sentiment":{"score":0.4666666666666666,"mentionsVsBaseline":0.2,"disagreement":0,"change2h":1.466666666666667},"regime_tags":[],"assetIndex":179,"derived":{"costs":{"fees_bps":3.5,"slippage_bps_est":3.3,"cost_bps":13.5,"cost_ok":true},"edge":{"expected_move_bps":26.6,"edge_bps":13.1,"edge_ok":false},"triggers":{"direction_m15":-1,"direction_h1":-1,"trend_aligned":true,"momentum_ok_long":false,"momentum_ok_short":false,"mr_ok_long":false,"mr_ok_short":false,"breakout_ok":false},"liquidity":{"min_depth_usd":29136.44149,"depth_ok":true,"tradeable":true},"normalized":{"ret_sigma_5m_vs_1h":-1.2071725645360543,"vol_ratio_5m_vs_1h":0.6160293999695676}}}},"constraints":{"max_position_pct_equity_per_symbol":0.2,"max_total_exposure_pct_equity":0.55,"min_trade_notional_usd":10,"kill_switch":false,"no_flip_same_tick":true},"allowed_actions":["OPEN_POSITION","INCREASE_POSITION","REDUCE_POSITION","CLOSE_POSITION","HOLD_POSITION"],"meta":{"note":"Generated by SnapshotBuilder with Screener","fallback_markets":[],"missing_markets":[],"duplicate_markets":[]},"global_regime":{"current":"CHOP","score":0,"reason":"Mixed signals or low volatility"}}

CURRENT POSITIONS (JSON):
[
  {
    "symbol": "ADA-PERP",
    "side": "long",
    "size_usd": 72.76691,
    "size_coin": 167,
    "fraction_of_equity": 0.07987543671104089,
    "entry_price": 0.43573,
    "unrealized_pnl": -0.05511,
    "leverage": 10
  },
  {
    "symbol": "PUMP-PERP",
    "side": "long",
    "size_usd": 72.620982,
    "size_coin": 25059,
    "fraction_of_equity": 0.07971525315056857,
    "entry_price": 0.002898,
    "unrealized_pnl": 2.430723,
    "leverage": 10
  }
]

Response:
{
  "decisions": [
    {
      "action": "HOLD_POSITION",
      "symbol": "ADA-PERP",
      "target_side": "long",
      "target_size_fraction_of_equity": 0.0799,
      "playbook": "N/A",
      "risk_plan": {
        "stop_loss_pct": 0.02,
        "take_profit_pct_primary": 0.06
      },
      "confidence": 0.7,
      "reason_code": "momentum_hold_chop",
      "notes": "Global CHOP regime. ADA maintains momentum_ok_long=true, edge_ok=true, and positive h1 trend. Holding position but not adding due to regime.",
      "audit": {
        "cost_bps": 10.7,
        "expected_move_bps": 60.1,
        "edge_bps": 49.3,
        "book_pressure": 0.11,
        "vol_ratio_5m_vs_1h": 0.7001,
        "ret_sigma_5m_vs_1h": -1.9521
      }
    },
    {
      "action": "CLOSE_POSITION",
      "symbol": "PUMP-PERP",
      "target_side": "flat",
      "target_size_fraction_of_equity": 0.0,
      "playbook": "N/A",
      "risk_plan": {
        "stop_loss_pct": 0.0,
        "take_profit_pct_primary": 0.0
      },
      "confidence": 0.8,
      "reason_code": "edge_failure_chop",
      "notes": "Global CHOP regime. PUMP has edge_ok=false and no valid triggers. Must close position in defensive mode despite unrealized profit.",
      "audit": {
        "cost_bps": 13.5,
        "expected_move_bps": 26.6,
        "edge_bps": 13.1,
        "book_pressure": 0.15,
        "vol_ratio_5m_vs_1h": 0.6160,
        "ret_sigma_5m_vs_1h": -1.2072
      }
    }
  ]
}
-----------------------------------


--- 2025-11-27T19:28:50.802Z ---
Prompt:
MARKET SNAPSHOT:
{"timestamp":1764271699,"account":{"equity_usd":911.012822,"daily_realized_pnl":0,"max_daily_loss":500,"current_positions":[{"symbol":"ADA-PERP","side":"long","size_usd":72.76691,"size_coin":167,"fraction_of_equity":0.07987473748201537,"entry_price":0.43573,"unrealized_pnl":-0.03841,"leverage":10}],"derived_portfolio":{"total_exposure_fraction":0.0799,"remaining_capacity":0.4701,"position_slots_used":1,"slots_remaining":4}},"markets":{"ADA-PERP":{"symbol":"ADA-PERP","price":0.4356,"spread_bps":5.968367651446927,"orderbook":{"book_pressure":-0.02,"bid_liquidity_usd":46884.91026,"ask_liquidity_usd":49186.16748},"returns":{"m5":0,"m15":0.0005972343455689403,"h1":0.006678838020845379},"vol_zscores":{"vol_5m_vs_1h":0.37629480097091966,"ret_5m_vs_1h":0},"funding":{"current_8h":0.0000125},"open_interest":{"current":54400.3416},"sentiment":{"score":0,"mentionsVsBaseline":0,"disagreement":0,"change2h":0},"regime_tags":["low_vol_compression","overbought_m5"],"assetIndex":45,"derived":{"costs":{"fees_bps":3.5,"slippage_bps_est":3,"cost_bps":12.5,"cost_ok":true},"edge":{"expected_move_bps":66.8,"edge_bps":54.3,"edge_ok":true},"triggers":{"direction_m15":1,"direction_h1":1,"trend_aligned":true,"momentum_ok_long":false,"momentum_ok_short":false,"mr_ok_long":false,"mr_ok_short":false,"breakout_ok":false},"liquidity":{"min_depth_usd":46884.91026,"depth_ok":true,"tradeable":true},"normalized":{"ret_sigma_5m_vs_1h":0,"vol_ratio_5m_vs_1h":0.37629480097091966}}}},"constraints":{"max_position_pct_equity_per_symbol":0.2,"max_total_exposure_pct_equity":0.55,"min_trade_notional_usd":10,"kill_switch":false,"no_flip_same_tick":true},"allowed_actions":["OPEN_POSITION","INCREASE_POSITION","REDUCE_POSITION","CLOSE_POSITION","HOLD_POSITION"],"meta":{"note":"Generated by SnapshotBuilder with Screener","fallback_markets":[],"missing_markets":[],"duplicate_markets":[]},"global_regime":{"current":"CHOP","score":-0.14285714285714285,"reason":"Mixed signals or low volatility"}}

CURRENT POSITIONS (JSON):
[
  {
    "symbol": "ADA-PERP",
    "side": "long",
    "size_usd": 72.76691,
    "size_coin": 167,
    "fraction_of_equity": 0.07987473748201537,
    "entry_price": 0.43573,
    "unrealized_pnl": -0.03841,
    "leverage": 10
  }
]

Response:
{
  "decisions": [
    {
      "action": "HOLD_POSITION",
      "symbol": "ADA-PERP",
      "target_side": "long",
      "target_size_fraction_of_equity": 0.0799,
      "playbook": "N/A",
      "risk_plan": {
        "stop_loss_pct": 0.02,
        "take_profit_pct_primary": 0.04
      },
      "confidence": 0.6,
      "reason_code": "edge_ok_but_no_triggers_chop",
      "notes": "Global CHOP regime. ADA has edge_ok=true but all triggers false. Position small, holding defensively with tight risk management.",
      "audit": {
        "cost_bps": 12.5,
        "expected_move_bps": 66.8,
        "edge_bps": 54.3,
        "book_pressure": -0.02,
        "vol_ratio_5m_vs_1h": 0.376,
        "ret_sigma_5m_vs_1h": 0
      }
    }
  ]
}
-----------------------------------
